******************************************************************************
               TMS320C6x Linker Unix v8.3.12                   
******************************************************************************
>> Linked Sun Apr  7 14:22:39 2024

OUTPUT FILE NAME:   <rtos_template_app_am572x_c66.out>
ENTRY POINT SYMBOL: "ti_sysbios_family_c64p_Hwi0"  address: 95023800


MEMORY CONFIGURATION

         name            origin    length      used     unused   attr    fill
----------------------  --------  ---------  --------  --------  ----  --------
  L2SRAM                00800000   00048000  00000000  00048000  RW X
  OCMC_RAM1             40300000   00080000  00000000  00080000  RW X
  OCMC_RAM2             40400000   00100000  00000000  00100000  RW X
  OCMC_RAM3             40500000   00100000  00000000  00100000  RW X
  EXT_CODE              95000000   00100000  000238b0  000dc750  RW X
  EXT_DATA              95100000   00100000  00078b68  00087498  RW  
  EXT_HEAP              95200000   00300000  00000000  00300000  RW  
  TRACE_BUF             9f000000   00060000  00008004  00057ffc  RW  
  EXC_DATA              9f060000   00010000  00000000  00010000  RW  
  PM_DATA               9f070000   00020000  00000000  00020000  RW X


SEGMENT ALLOCATION MAP

run origin  load origin   length   init length attrs members
----------  ----------- ---------- ----------- ----- -------
95000000    95000000    00000410   00000410    rw-
  95000000    95000000    00000410   00000410    rw- .resource_table
95000420    95000420    000232a0   000232a0    r-x
  95000420    95000420    000232a0   000232a0    r-x .text
95023800    95023800    00000200   00000200    r-x
  95023800    95023800    00000200   00000200    r-x .vecs
95100000    95100000    00070e48   00000000    rw-
  95100000    95100000    00068e42   00000000    rw- .far
  95168e48    95168e48    00008000   00000000    rw- .stack
95170e48    95170e48    00006120   00006120    r--
  95170e48    95170e48    00006120   00006120    r-- .const
95176f68    95176f68    0000103a   00000000    rw-
  95176f68    95176f68    0000103a   00000000    rw- .fardata
95177fa4    95177fa4    00000090   00000090    r--
  95177fa4    95177fa4    00000090   00000090    r-- .switch
95178034    95178034    00000064   00000064    rw-
  95178034    95178034    00000064   00000064    rw- .args
95178098    95178098    00000ad8   00000ad8    r--
  95178098    95178098    00000008   00000008    r-- .rodata
  951780a0    951780a0    00000ad0   00000ad0    r-- .cinit
9f000000    9f000000    00008004   00000000    rw-
  9f000000    9f000000    00008004   00000000    rw- .tracebuf


SECTION ALLOCATION MAP

 output                                  attributes/
section   page    origin      length       input sections
--------  ----  ----------  ----------   ----------------
.stack     0    95168e48    00008000     UNINITIALIZED
                  95168e48    00000008     boot.ae66 : boot.oe66 (.stack)
                  95168e50    00007ff8     --HOLE--

.bss       0    95178098    00000000     UNINITIALIZED

.neardata 
*          0    95178098    00000000     UNINITIALIZED

.rodata    0    95178098    00000008     
                  95178098    00000008     ipc_pe66.oe66 (.rodata)

.cinit     0    951780a0    00000ad0     
                  951780a0    00000a94     (.cinit..fardata.load) [load image, compression = rle]
                  95178b34    0000000d     (.cinit..far.load) [load image, compression = rle]
                  95178b41    0000000b     (.cinit..tracebuf.load) [load image, compression = rle]
                  95178b4c    00000008     (__TI_handler_table)
                  95178b54    00000004     --HOLE-- [fill = 0]
                  95178b58    00000018     (__TI_cinit_table)

.init_array 
*          0    95100000    00000000     UNINITIALIZED

.args      0    95178034    00000064     
                  95178034    00000064     --HOLE-- [fill = 0]

.tracebuf 
*          0    9f000000    00008004     UNINITIALIZED
                  9f000000    00008004     ipc_pe66.oe66 (.tracebuf)

.resource_table 
*          0    95000000    00000410     
                  95000000    00000410     ipc_pe66.oe66 (.resource_table)

.vecs      0    95023800    00000200     
                  95023800    00000200     ipc_pe66.oe66 (.vecs)

xdc.meta   0    95100000    00000108     COPY SECTION
                  95100000    00000108     ipc_pe66.oe66 (xdc.meta)

.text      0    95000420    000232a0     
                  95000420    00002000     rts6600_elf.lib : _printfi.c.obj (.text:__TI_printfi)
                  95002420    00000be0     sysbios.ae66 : BIOS.obj (.text:ti_sysbios_heaps_HeapBuf_Instance_init__E)
                  95003000    00000aa0     ipc.ae66 : Ipc.obj (.text:MessageQ_put)
                  95003aa0    000008a0     ti.targets.rts6000.ae66 : System.oe66 (.text:xdc_runtime_System_doPrint__I)
                  95004340    00000820     Server.obj (.text)
                  95004b60    00000780     sysbios.ae66 : BIOS.obj (.text:ti_sysbios_family_c64p_Exception_handler__I)
                  950052e0    000006e0     ipc.ae66 : Ipc.obj (.text:MessageQ_free)
                  950059c0    000006e0     sysbios.ae66 : BIOS.obj (.text:ti_sysbios_heaps_HeapMem_freeUnprotected__E)
                  950060a0    000006c0     ipc.ae66 : Ipc.obj (.text:ti_ipc_namesrv_NameServerRemoteRpmsg_get__F)
                  95006760    000006c0     sysbios.ae66 : BIOS.obj (.text:ti_sysbios_knl_Semaphore_pend__E)
                  95006e20    00000660     ipc.ae66 : Ipc.obj (.text:RPMessage_send)
                  95007480    00000640     rts6600_elf.lib : _printfi.c.obj (.text:_pconv_a)
                  95007ac0    00000600                     : divd.c.obj (.text:__c6xabi_divd)
                  950080c0    00000600     sysbios.ae66 : BIOS.obj (.text:ti_sysbios_heaps_HeapBuf_free__E)
                  950086c0    000005e0                  : BIOS.obj (.text:ti_sysbios_knl_Task_Instance_init__E)
                  95008ca0    000005a0                  : BIOS.obj (.text:ti_sysbios_heaps_HeapMem_allocUnprotected__E)
                  95009240    00000580                  : BIOS.obj (.text:ti_sysbios_knl_Task_Instance_finalize__E)
                  950097c0    00000540     ipc.ae66 : Ipc.obj (.text:NameServer_add)
                  95009d00    000004e0              : Ipc.obj (.text:NameServerRemote_processMessage)
                  9500a1e0    000004e0              : Ipc.obj (.text:ti_sdo_ipc_MessageQ_Instance_init__E)
                  9500a6c0    000004a0              : Ipc.obj (.text:transportCallbackFxn$9)
                  9500ab60    00000480              : Ipc.obj (.text:RPMessage_init)
                  9500afe0    00000480              : Ipc.obj (.text:ti_sdo_ipc_Notify_Instance_init__E)
                  9500b460    00000440              : Ipc.obj (.text:RPMessage_create)
                  9500b8a0    00000440              : Ipc.obj (.text:VirtQueue_create)
                  9500bce0    00000440     rts6600_elf.lib : _printfi.c.obj (.text:_pconv_g)
                  9500c120    00000420     ipc.ae66 : Ipc.obj (.text:ti_sdo_ipc_MessageQ_registerTransport__F)
                  9500c540    00000420              : Ipc.obj (.text:ti_sdo_utils_NameServer_registerRemoteDriver__E)
                  9500c960    00000420     sysbios.ae66 : BIOS.obj (.text:ti_sysbios_knl_Task_setPri__E)
                  9500cd80    00000400     ipc.ae66 : Ipc.obj (.text:ti_sdo_ipc_MessageQ_unregisterTransport__F)
                  9500d180    000003e0              : Ipc.obj (.text:ti_sdo_utils_NameServer_unregisterRemoteDriver__E)
                  9500d560    000003c0     sysbios.ae66 : BIOS.obj (.text:ti_sysbios_gates_GateMutexPri_enter__E)
                  9500d920    000003c0                  : BIOS.obj (.text:ti_sysbios_heaps_HeapMem_Instance_init__E)
                  9500dce0    000003c0     ti.targets.rts6000.ae66 : Diags.oe66 (.text:xdc_runtime_Diags_setMask__E)
                  9500e0a0    000003a0     sysbios.ae66 : BIOS.obj (.text:ti_sysbios_family_shared_vayu_IntXbar_connect__E)
                  9500e440    000003a0                  : BIOS.obj (.text:ti_sysbios_heaps_HeapBuf_alloc__E)
                  9500e7e0    000003a0     ti.trace.ae66 : SysMin.oe66 (.text:ti_trace_SysMin_putch__E)
                  9500eb80    00000380     sysbios.ae66 : BIOS.obj (.text:ti_sysbios_timers_dmtimer_Timer_deviceConfig__I)
                  9500ef00    00000360     ipc.ae66 : Ipc.obj (.text:SharedRegion_getEntry)
                  9500f260    00000360     ipc_pe66.oe66 (.text:xdc_runtime_System_printfExtend__I)
                  9500f5c0    00000340     ipc.ae66 : Ipc.obj (.text:MessageQ_alloc)
                  9500f900    00000300     ipcMain.obj (.text)
                  9500fc00    00000300     sysbios.ae66 : BIOS.obj (.text:ti_sysbios_knl_Semaphore_post__E)
                  9500ff00    00000300                  : BIOS.obj (.text:ti_sysbios_knl_Swi_Instance_init__E)
                  95010200    000002c0     rts6600_elf.lib : _printfi.c.obj (.text:_pconv_e)
                  950104c0    000002c0                     : _printfi.c.obj (.text:fcvt)
                  95010780    000002c0     sysbios.ae66 : BIOS.obj (.text:ti_sysbios_knl_Clock_workFunc__E)
                  95010a40    000002c0                  : BIOS.obj (.text:ti_sysbios_timers_dmtimer_Timer_checkFreq__I)
                  95010d00    000002a0     ipc.ae66 : Ipc.obj (.text:RPMessage_swiFxn$23)
                  95010fa0    000002a0              : Ipc.obj (.text:VirtQueue_startup)
                  95011240    000002a0              : Ipc.obj (.text:ti_sdo_ipc_family_vayu_NotifySetup_Module_startup__E)
                  950114e0    000002a0     sysbios.ae66 : BIOS.obj (.text:ti_sysbios_family_c64p_Hwi_dispatchCore__I)
                  95011780    000002a0                  : BIOS.obj (.text:ti_sysbios_knl_Swi_run__I)
                  95011a20    00000260     ti.targets.rts6000.ae66 : Startup.oe66 (.text:xdc_runtime_Startup_startMods__I)
                  95011c80    00000240     ipc.ae66 : Ipc.obj (.text:VirtQueue_isr)
                  95011ec0    00000240     rts6600_elf.lib : imath64.c.obj (.text:__c6xabi_divull)
                  95012100    00000240     sysbios.ae66 : BIOS.obj (.text:ti_sysbios_family_c64p_EventCombiner_dispatch__E)
                  95012340    00000240     ti.targets.rts6000.ae66 : Core-mem.oe66 (.text:xdc_runtime_Core_createObject__I)
                  95012580    00000220     ipc.ae66 : Ipc.obj (.text:NameServer_getLocal)
                  950127a0    00000220              : Ipc.obj (.text:ti_ipc_transports_TransportRpmsg_Instance_init__E)
                  950129c0    00000220     ti.targets.rts6000.ae66 : Error.oe66 (.text:xdc_runtime_Error_policyDefault__E)
                  95012be0    00000220                             : Log.oe66 (.text:xdc_runtime_Log_doPrint__E)
                  95012e00    00000200     ipc.ae66 : Ipc.obj (.text:MultiProc_getId)
                  95013000    00000200     sysbios.ae66 : c64p_Hwi_disp_always.obj (.text:_ti_sysbios_family_c64p_Hwi_dispatchAlways)
                  95013200    00000200     ipc.ae66 : Ipc.obj (.text:ti_sdo_ipc_family_vayu_InterruptDsp_intEnable__E)
                  95013400    00000200              : Ipc.obj (.text:ti_sdo_ipc_family_vayu_InterruptDsp_intRegister__E)
                  95013600    00000200     sysbios.ae66 : BIOS.obj (.text:ti_sysbios_family_c66_Cache_block__I)
                  95013800    00000200                  : BIOS.obj (.text:ti_sysbios_knl_Task_startCore__E)
                  95013a00    00000200                  : BIOS.obj (.text:ti_sysbios_timers_dmtimer_Timer_setPeriodMicroSecs__E)
                  95013c00    000001e0     ipc.ae66 : Ipc.obj (.text:ti_ipc_transports_TransportRpmsg_put__E)
                  95013de0    000001e0     sysbios.ae66 : BIOS.obj (.text:ti_sysbios_knl_Task_schedule__I)
                  95013fc0    000001e0     ti.targets.rts6000.ae66 : Text.oe66 (.text:xdc_runtime_Text_putSite__E)
                  950141a0    000001c0     ipc.ae66 : Ipc.obj (.text:MessageQ_get)
                  95014360    000001c0              : Ipc.obj (.text:VirtQueue_getAvailBuf)
                  95014520    000001c0     rts6600_elf.lib : imath40.c.obj (.text:__c6xabi_divul)
                  950146e0    000001c0                     : _printfi.c.obj (.text:_ltostr)
                  950148a0    000001c0                     : ldexp.c.obj (.text:ldexp)
                  95014a60    000001c0     ipc.ae66 : Ipc.obj (.text:ti_sdo_ipc_Notify_Module_startup__E)
                  95014c20    000001c0     sysbios.ae66 : BIOS.obj (.text:ti_sysbios_family_c64p_EventCombiner_dispatchPlug__E)
                  95014de0    000001c0                  : BIOS.obj (.text:ti_sysbios_family_c64p_EventCombiner_enableEvent__E)
                  95014fa0    000001c0                  : BIOS.obj (.text:ti_sysbios_family_c64p_Hwi_reconfig__E)
                  95015160    000001c0                  : BIOS.obj (.text:ti_sysbios_family_shared_vayu_IntXbar_initXbarRegs__I)
                  95015320    000001c0                  : BIOS.obj (.text:ti_sysbios_knl_Semaphore_Instance_init__E)
                  950154e0    000001a0     ipc.ae66 : Ipc.obj (.text:MultiProc_getName)
                  95015680    000001a0     rts6600_elf.lib : frexp.c.obj (.text:frexp)
                  95015820    000001a0     ipc.ae66 : Ipc.obj (.text:ti_sdo_ipc_MessageQ_Instance_finalize__E)
                  950159c0    000001a0              : Ipc.obj (.text:ti_sdo_ipc_family_vayu_NotifySetup_dispatchIsr__I)
                  95015b60    000001a0     sysbios.ae66 : BIOS.obj (.text:ti_sysbios_gates_GateMutex_enter__E)
                  95015d00    000001a0                  : BIOS.obj (.text:ti_sysbios_timers_dmtimer_Timer_start__E)
                  95015ea0    000001a0     ti.targets.rts6000.ae66 : Core-smem.oe66 (.text:xdc_runtime_Core_constructObject__I)
                  95016040    00000180     ipc.ae66 : Ipc.obj (.text:IpcMgr_ipcStartup)
                  950161c0    00000180     boot.ae66 : autoinit.oe66 (.text:__TI_auto_init:_auto_init_elf)
                  95016340    00000180     sysbios.ae66 : c64p_Exception_asm.obj (.text)
                  950164c0    00000180                  : BIOS.obj (.text:ti_sysbios_family_c64p_Exception_internalHandler__I)
                  95016640    00000180                  : BIOS.obj (.text:ti_sysbios_gates_GateSwi_enter__E)
                  950167c0    00000180                  : BIOS.obj (.text:ti_sysbios_knl_Swi_post__E)
                  95016940    00000180                  : BIOS.obj (.text:ti_sysbios_knl_Task_blockI__E)
                  95016ac0    00000180                  : BIOS.obj (.text:ti_sysbios_knl_Task_checkStacks__E)
                  95016c40    00000160     ipc.ae66 : Ipc.obj (.text:RPMessage_finalize)
                  95016da0    00000160              : Ipc.obj (.text:VirtQueue_kick)
                  95016f00    00000160              : Ipc.obj (.text:callback_availBufReady$23)
                  95017060    00000160     sysbios.ae66 : BIOS.obj (.text:ti_sysbios_knl_Task_unblockI__E)
                  950171c0    00000160     ti.targets.rts6000.ae66 : Text.oe66 (.text:xdc_runtime_Text_putMod__E)
                  95017320    00000140     ipc.ae66 : Ipc.obj (.text:MessageQ_create)
                  95017460    00000140              : Ipc.obj (.text:sendMessage$22)
                  950175a0    00000140              : Ipc.obj (.text:ti_sdo_ipc_family_vayu_NotifySetup_plugHwi__F)
                  950176e0    00000140     sysbios.ae66 : BIOS.obj (.text:ti_sysbios_family_c64p_Hwi_Module_startup__E)
                  95017820    00000140                  : BIOS.obj (.text:ti_sysbios_knl_Swi_restoreHwi__E)
                  95017960    00000140                  : BIOS.obj (.text:ti_sysbios_knl_Task_exit__E)
                  95017aa0    00000140                  : BIOS.obj (.text:ti_sysbios_syncs_SyncSem_Instance_init__E)
                  95017be0    00000140                  : BIOS.obj (.text:ti_sysbios_timers_dmtimer_Timer_initDevice__I)
                  95017d20    00000140     ti.targets.rts6000.ae66 : Core-mem.oe66 (.text:xdc_runtime_Core_deleteObject__I)
                  95017e60    00000140                             : Text.oe66 (.text:xdc_runtime_Text_putLab__E)
                  95017fa0    00000120     ipc.ae66 : Ipc.obj (.text:VirtQueue_addUsedBuf)
                  950180c0    00000120              : Ipc.obj (.text:_VirtQueue_init$21)
                  950181e0    00000120     rts6600_elf.lib : _printfi.c.obj (.text:_pconv_f)
                  95018300    00000120     ipc.ae66 : Ipc.obj (.text:ti_ipc_transports_TransportRpmsgSetup_attach__E)
                  95018420    00000120              : Ipc.obj (.text:ti_sdo_ipc_MessageQ_Module_startup__E)
                  95018540    00000120              : Ipc.obj (.text:ti_sdo_ipc_Notify_Instance_finalize__E)
                  95018660    00000120              : Ipc.obj (.text:ti_sdo_ipc_family_vayu_InterruptDsp_intClear__E)
                  95018780    00000120              : Ipc.obj (.text:ti_sdo_utils_NameServer_removeLocal__I)
                  950188a0    00000120     ipc_pe66.oe66 (.text:ti_sysbios_BIOS_rtsUnlock__I)
                  950189c0    00000120     sysbios.ae66 : BIOS.obj (.text:ti_sysbios_family_c64p_Hwi_Instance_init__E)
                  95018ae0    00000120                  : BIOS.obj (.text:ti_sysbios_family_c66_Cache_getL2InitSize__I)
                  95018c00    00000120                  : BIOS.obj (.text:ti_sysbios_family_shared_vayu_IntXbar_initIntXbar__I)
                  95018d20    00000120                  : BIOS.obj (.text:ti_sysbios_knl_Task_postInit__I)
                  95018e40    00000100     ipc.ae66 : Ipc.obj (.text:MessageQ_Params_init__S)
                  95018f40    00000100              : Ipc.obj (.text:NameServer_getHandle)
                  95019040    00000100     rts6600_elf.lib : copy_decompress_rle.c.obj (.text:__TI_decompress_rle_core)
                  95019140    00000100                     : _printfi.c.obj (.text:_mcpy)
                  95019240    00000100                     : atoi.c.obj (.text:atoi)
                  95019340    00000100                     : cpy_tbl.c.obj (.text:copy_in)
                  95019440    00000100     ipc.ae66 : Ipc.obj (.text:ti_ipc_namesrv_NameServerRemoteRpmsg_detach__E)
                  95019540    00000100              : Ipc.obj (.text:ti_sdo_ipc_MessageQ_grow__I)
                  95019640    00000100              : Ipc.obj (.text:ti_sdo_ipc_family_vayu_InterruptDsp_intSend__E)
                  95019740    00000100     sysbios.ae66 : BIOS.obj (.text:ti_sysbios_family_c64p_Hwi_Instance_finalize__E)
                  95019840    00000100     ti.targets.rts6000.ae66 : Error.oe66 (.text:xdc_runtime_Error_print__E)
                  95019940    00000100                             : Memory.oe66 (.text:xdc_runtime_Memory_alloc__E)
                  95019a40    00000100                             : Startup.oe66 (.text:xdc_runtime_Startup_exec__E)
                  95019b40    000000e0     rts6600_elf.lib : _ltoa.c.obj (.text:__TI_ltoa)
                  95019c20    000000e0                     : divi.asm.obj (.text:__divi)
                  95019d00    000000e0                     : exit.c.obj (.text:exit)
                  95019de0    000000e0                     : memset.c.obj (.text:memset)
                  95019ec0    000000e0     ipc.ae66 : Ipc.obj (.text:ti_ipc_namesrv_NameServerRemoteRpmsg_Instance_init__E)
                  95019fa0    000000e0              : Ipc.obj (.text:ti_ipc_namesrv_NameServerRemoteRpmsg_attach__E)
                  9501a080    000000e0              : Ipc.obj (.text:ti_ipc_remoteproc_Resource_getVdevStatus__E)
                  9501a160    000000e0              : Ipc.obj (.text:ti_ipc_remoteproc_Resource_getVringDA__E)
                  9501a240    000000e0              : Ipc.obj (.text:ti_ipc_transports_TransportRpmsg_Instance_finalize__E)
                  9501a320    000000e0              : Ipc.obj (.text:ti_sdo_ipc_gates_GateHWSpinlock_Module_startup__E)
                  9501a400    000000e0              : Ipc.obj (.text:ti_sdo_utils_NameServer_postInit__I)
                  9501a4e0    000000e0     sysbios.ae66 : BIOS.obj (.text:ti_sysbios_family_c66_Cache_getL1DInitSize__I)
                  9501a5c0    000000e0                  : BIOS.obj (.text:ti_sysbios_family_c66_Cache_getL1PInitSize__I)
                  9501a6a0    000000e0                  : BIOS.obj (.text:ti_sysbios_gates_GateMutexPri_leave__E)
                  9501a780    000000e0                  : BIOS.obj (.text:ti_sysbios_heaps_HeapBuf_Module_startup__E)
                  9501a860    000000e0                  : BIOS.obj (.text:ti_sysbios_heaps_HeapMem_getStats__E)
                  9501a940    000000e0                  : BIOS.obj (.text:ti_sysbios_knl_Clock_logTick__E)
                  9501aa20    000000e0                  : BIOS.obj (.text:ti_sysbios_knl_Swi_Instance_finalize__E)
                  9501ab00    000000e0                  : BIOS.obj (.text:ti_sysbios_knl_Swi_Module_startup__E)
                  9501abe0    000000e0                  : BIOS.obj (.text:ti_sysbios_knl_Swi_runLoop__I)
                  9501acc0    000000e0                  : BIOS.obj (.text:ti_sysbios_knl_Swi_schedule__I)
                  9501ada0    000000e0                  : BIOS.obj (.text:ti_sysbios_knl_Task_Module_startup__E)
                  9501ae80    000000e0                  : BIOS.obj (.text:ti_sysbios_timers_dmtimer_Timer_Module_startup__E)
                  9501af60    000000e0     ti.targets.rts6000.ae66 : LoggerSys.oe66 (.text:xdc_runtime_LoggerSys_write8__E)
                  9501b040    000000e0                             : Text.oe66 (.text:xdc_runtime_Text_visitRope2__I)
                  9501b120    000000c0     ipc.ae66 : Ipc.obj (.text:NameServerRemote_SetNameServerPort)
                  9501b1e0    000000c0     rts6600_elf.lib : divu.asm.obj (.text:__divu)
                  9501b2a0    000000c0     ipc.ae66 : Ipc.obj (.text:ti_ipc_remoteproc_Resource_physToVirt__E)
                  9501b360    000000c0     ipc_pe66.oe66 (.text:ti_sdo_ipc_Notify_create)
                  9501b420    000000c0     sysbios.ae66 : BIOS.obj (.text:ti_sysbios_family_c64p_Hwi_eventMap__E)
                  9501b4e0    000000c0                  : BIOS.obj (.text:ti_sysbios_family_c64p_Hwi_getStackInfo__E)
                  9501b5a0    000000c0                  : BIOS.obj (.text:ti_sysbios_heaps_HeapBuf_postInit__I)
                  9501b660    000000c0                  : BIOS.obj (.text:ti_sysbios_heaps_HeapMem_alloc__E)
                  9501b720    000000c0                  : BIOS.obj (.text:ti_sysbios_knl_Task_allBlockedFunction__I)
                  9501b7e0    000000c0     rts6600_elf.lib : tls.c.obj (.text:tls:init:__TI_tls_init)
                  9501b8a0    000000c0     ti.targets.rts6000.ae66 : Assert.oe66 (.text:xdc_runtime_Assert_raise__I)
                  9501b960    000000c0                             : Error.oe66 (.text:xdc_runtime_Error_setX__E)
                  9501ba20    000000a0     ipc.ae66 : Ipc.obj (.text:MessageQ_msgInit$5)
                  9501bac0    000000a0     rts6600_elf.lib : remu.asm.obj (.text:__remu)
                  9501bb60    000000a0     boot.ae66 : boot.oe66 (.text:_c_int00)
                  9501bc00    000000a0     rts6600_elf.lib : _printfi.c.obj (.text:_ecpy)
                  9501bca0    000000a0     sysbios.ae66 : c64p_Hwi_asm.obj (.text:_ti_sysbios_family_c64p_Hwi_plug__E)
                  9501bd40    000000a0     app.obj (.text)
                  9501bde0    000000a0     rts6600_elf.lib : memcpy64.asm.obj (.text:memcpy)
                  9501be80    000000a0     ipc_pe66.oe66 (.text:ti_ipc_transports_TransportRpmsg_Object__create__S)
                  9501bf20    000000a0     ipc_pe66.oe66 (.text:ti_ipc_transports_TransportRpmsg_create)
                  9501bfc0    000000a0     ipc_pe66.oe66 (.text:ti_sdo_ipc_MessageQ_create)
                  9501c060    000000a0     ipc.ae66 : Ipc.obj (.text:ti_sdo_utils_NameServer_findLocal__I)
                  9501c100    000000a0     sysbios.ae66 : BIOS.obj (.text:ti_sysbios_family_c62_TaskSupport_start__E)
                  9501c1a0    000000a0                  : BIOS.obj (.text:ti_sysbios_family_c64p_Exception_Module_startup__E)
                  9501c240    000000a0     ipc_pe66.oe66 (.text:ti_sysbios_family_c64p_Hwi_create)
                  9501c2e0    000000a0     sysbios.ae66 : BIOS.obj (.text:ti_sysbios_family_c66_Cache_all__I)
                  9501c380    000000a0                  : BIOS.obj (.text:ti_sysbios_family_c66_Cache_startup__I)
                  9501c420    000000a0     ipc_pe66.oe66 (.text:ti_sysbios_heaps_HeapBuf_Object__create__S)
                  9501c4c0    000000a0     sysbios.ae66 : BIOS.obj (.text:ti_sysbios_heaps_HeapMem_init__I)
                  9501c560    000000a0     ipc_pe66.oe66 (.text:ti_sysbios_knl_Swi_create)
                  9501c600    000000a0     ipc_pe66.oe66 (.text:ti_sysbios_knl_Task_create)
                  9501c6a0    000000a0     ipc_pe66.oe66 (.text:ti_sysbios_syncs_SyncSem_Object__create__S)
                  9501c740    000000a0     ipc_pe66.oe66 (.text:ti_sysbios_syncs_SyncSem_create)
                  9501c7e0    000000a0     sysbios.ae66 : BIOS.obj (.text:ti_sysbios_syncs_SyncSem_wait__E)
                  9501c880    000000a0                  : BIOS.obj (.text:ti_sysbios_timers_dmtimer_Timer_startup__E)
                  9501c920    000000a0                  : BIOS.obj (.text:ti_sysbios_timers_dmtimer_Timer_stop__E)
                  9501c9c0    000000a0     ti.targets.rts6000.ae66 : Core-params.oe66 (.text:xdc_runtime_Core_assignParams__I)
                  9501ca60    000000a0                             : Registry.oe66 (.text:xdc_runtime_Registry_addModule__E)
                  9501cb00    000000a0                             : System.oe66 (.text:xdc_runtime_System_formatNum__I)
                  9501cba0    000000a0                             : System.oe66 (.text:xdc_runtime_System_putchar__I)
                  9501cc40    000000a0                             : Text.oe66 (.text:xdc_runtime_Text_matchVisFxn__I)
                  9501cce0    000000a0                             : Text.oe66 (.text:xdc_runtime_Text_printVisFxn__I)
                  9501cd80    000000a0                             : Text.oe66 (.text:xdc_runtime_Text_xprintf__I)
                  9501ce20    000000a0     ipc_pe66.oe66 (.text:xdc_runtime_knl_GateThread_Object__create__S)
                  9501cec0    000000a0     ipc_pe66.oe66 (.text:xdc_runtime_knl_GateThread_create)
                  9501cf60    00000080     ti.trace.ae66 : SysMin.oe66 (.text:SysMin_output)
                  9501cfe0    00000080     rts6600_elf.lib : llshift.c.obj (.text:__c6xabi_llshl)
                  9501d060    00000080                     : snprintf.c.obj (.text:_outs)
                  9501d0e0    00000080     sysbios.ae66 : c62_TaskSupport_asm.obj (.text:_ti_sysbios_family_c62_TaskSupport_swap__E)
                  9501d160    00000080     rts6600_elf.lib : snprintf.c.obj (.text:snprintf)
                  9501d1e0    00000080                     : strncpy.c.obj (.text:strncpy)
                  9501d260    00000080     ipc_pe66.oe66 (.text:ti_ipc_namesrv_NameServerRemoteRpmsg_Object__create__S)
                  9501d2e0    00000080     ipc.ae66 : Ipc.obj (.text:ti_ipc_remoteproc_Resource_getMemEntry__I)
                  9501d360    00000080              : Ipc.obj (.text:ti_sdo_utils_NameServer_Module_startup__E)
                  9501d3e0    00000080     sysbios.ae66 : BIOS.obj (.text:ti_sysbios_family_c64p_EventCombiner_Module_startup__E)
                  9501d460    00000080                  : BIOS.obj (.text:ti_sysbios_family_c64p_Hwi_getEventId__E)
                  9501d4e0    00000080                  : BIOS.obj (.text:ti_sysbios_family_c66_Cache_setMar__E)
                  9501d560    00000080                  : BIOS.obj (.text:ti_sysbios_family_c66_Cache_setSize__E)
                  9501d5e0    00000080                  : BIOS.obj (.text:ti_sysbios_gates_GateMutexPri_insertPri__I)
                  9501d660    00000080                  : BIOS.obj (.text:ti_sysbios_hal_Hwi_checkStack)
                  9501d6e0    00000080                  : BIOS.obj (.text:ti_sysbios_heaps_HeapBuf_getStats__E)
                  9501d760    00000080                  : BIOS.obj (.text:ti_sysbios_knl_Idle_run__E)
                  9501d7e0    00000080                  : BIOS.obj (.text:ti_sysbios_knl_Swi_restore__E)
                  9501d860    00000080                  : BIOS.obj (.text:ti_sysbios_knl_Task_processVitalTaskFlag__I)
                  9501d8e0    00000080                  : BIOS.obj (.text:ti_sysbios_timers_dmtimer_Timer_postInit__I)
                  9501d960    00000080                  : BIOS.obj (.text:ti_sysbios_timers_dmtimer_Timer_stub__E)
                  9501d9e0    00000080     ti.trace.ae66 : SysMin.oe66 (.text:ti_trace_SysMin_abort__E)
                  9501da60    00000080     ti.targets.rts6000.ae66 : Core-label.oe66 (.text:xdc_runtime_Core_assignLabel__I)
                  9501dae0    00000080                             : Registry.oe66 (.text:xdc_runtime_Registry_findByNameInList__I)
                  9501db60    00000080                             : Registry.oe66 (.text:xdc_runtime_Registry_findByNamePattern__E)
                  9501dbe0    00000080                             : System.oe66 (.text:xdc_runtime_System_atexit__E)
                  9501dc60    00000080                             : System.oe66 (.text:xdc_runtime_System_avprintf__E)
                  9501dce0    00000080                             : System.oe66 (.text:xdc_runtime_System_processAtExit__E)
                  9501dd60    00000080                             : System.oe66 (.text:xdc_runtime_System_vprintf__E)
                  9501dde0    00000060     ipc.ae66 : Ipc.obj (.text:NameMap_register)
                  9501de40    00000060              : Ipc.obj (.text:NameMap_unregister)
                  9501dea0    00000060     rts6600_elf.lib : frcmpyd_div.c.obj (.text:__TI_frcmpyd_div)
                  9501df00    00000060                     : llshift.c.obj (.text:__c6xabi_llshru)
                  9501df60    00000060                     : imath64.c.obj (.text:_subcull)
                  9501dfc0    00000060     sysbios.ae66 : c64p_Hwi_asm_switch.obj (.text:_ti_sysbios_family_c64p_Hwi_switchAndDispatch__I)
                  9501e020    00000060                  : c64p_Hwi_asm_switch.obj (.text:_ti_sysbios_family_xxx_Hwi_switchAndRunFunc)
                  9501e080    00000060     main.obj (.text)
                  9501e0e0    00000060     rts6600_elf.lib : memccpy.c.obj (.text:memccpy)
                  9501e140    00000060                     : sprintf.c.obj (.text:sprintf)
                  9501e1a0    00000060                     : strcmp.c.obj (.text:strcmp)
                  9501e200    00000060                     : strpbrk.c.obj (.text:strpbrk)
                  9501e260    00000060     ipc_pe66.oe66 (.text:ti_ipc_namesrv_NameServerRemoteRpmsg_create)
                  9501e2c0    00000060     ipc.ae66 : Ipc.obj (.text:ti_sdo_ipc_family_vayu_InterruptDsp_intShmStub__I)
                  9501e320    00000060              : Ipc.obj (.text:ti_sdo_ipc_interfaces_INetworkTransport_Handle_downCast$5)
                  9501e380    00000060     ipc_pe66.oe66 (.text:ti_sdo_utils_List_construct)
                  9501e3e0    00000060     ipc_pe66.oe66 (.text:ti_sdo_utils_List_create)
                  9501e440    00000060     ipc.ae66 : Ipc.obj (.text:ti_sdo_utils_List_dequeue__E)
                  9501e4a0    00000060     ipc_pe66.oe66 (.text:ti_sdo_utils_NameServer_Object__get__S)
                  9501e500    00000060     ipc_pe66.oe66 (.text:ti_sysbios_BIOS_atExitFunc__I)
                  9501e560    00000060     ipc_pe66.oe66 (.text:ti_sysbios_BIOS_errorRaiseHook__I)
                  9501e5c0    00000060     ipc_pe66.oe66 (.text:ti_sysbios_BIOS_rtsLock__I)
                  9501e620    00000060     sysbios.ae66 : BIOS.obj (.text:ti_sysbios_family_c64p_EventCombiner_unused__E)
                  9501e680    00000060                  : BIOS.obj (.text:ti_sysbios_family_c64p_Exception_nmiHandler__I)
                  9501e6e0    00000060                  : BIOS.obj (.text:ti_sysbios_family_c64p_Hwi_disableIER__E)
                  9501e740    00000060                  : BIOS.obj (.text:ti_sysbios_family_c64p_Hwi_enableIER__E)
                  9501e7a0    00000060     ipc_pe66.oe66 (.text:ti_sysbios_gates_GateHwi_Object__create__S)
                  9501e800    00000060     ipc_pe66.oe66 (.text:ti_sysbios_gates_GateHwi_create)
                  9501e860    00000060     sysbios.ae66 : BIOS.obj (.text:ti_sysbios_gates_GateMutexPri_Instance_init__E)
                  9501e8c0    00000060     ipc_pe66.oe66 (.text:ti_sysbios_gates_GateMutexPri_Object__create__S)
                  9501e920    00000060     ipc_pe66.oe66 (.text:ti_sysbios_gates_GateMutexPri_construct)
                  9501e980    00000060     ipc_pe66.oe66 (.text:ti_sysbios_gates_GateMutex_Object__create__S)
                  9501e9e0    00000060     ipc_pe66.oe66 (.text:ti_sysbios_gates_GateSwi_Object__create__S)
                  9501ea40    00000060     sysbios.ae66 : BIOS.obj (.text:ti_sysbios_gates_GateSwi_query__E)
                  9501eaa0    00000060                  : BIOS.obj (.text:ti_sysbios_hal_Hwi_initStack)
                  9501eb00    00000060     ipc_pe66.oe66 (.text:ti_sysbios_heaps_HeapBuf_Object__get__S)
                  9501eb60    00000060     ipc_pe66.oe66 (.text:ti_sysbios_heaps_HeapMem_Object__create__S)
                  9501ebc0    00000060     ipc_pe66.oe66 (.text:ti_sysbios_heaps_HeapMem_Object__get__S)
                  9501ec20    00000060     sysbios.ae66 : BIOS.obj (.text:ti_sysbios_heaps_HeapMem_free__E)
                  9501ec80    00000060                  : BIOS.obj (.text:ti_sysbios_knl_Clock_Module_startup__E)
                  9501ece0    00000060     ipc_pe66.oe66 (.text:ti_sysbios_knl_Clock_doTick__I)
                  9501ed40    00000060     sysbios.ae66 : BIOS.obj (.text:ti_sysbios_knl_Clock_initI__E)
                  9501eda0    00000060     ipc_pe66.oe66 (.text:ti_sysbios_knl_Queue_construct)
                  9501ee00    00000060     sysbios.ae66 : BIOS.obj (.text:ti_sysbios_knl_Queue_put__E)
                  9501ee60    00000060     ipc_pe66.oe66 (.text:ti_sysbios_knl_Semaphore_construct)
                  9501eec0    00000060     ipc_pe66.oe66 (.text:ti_sysbios_knl_Semaphore_create)
                  9501ef20    00000060     sysbios.ae66 : BIOS.obj (.text:ti_sysbios_knl_Semaphore_pendTimeout__I)
                  9501ef80    00000060                  : BIOS.obj (.text:ti_sysbios_knl_Task_getMode__E)
                  9501efe0    00000060                  : BIOS.obj (.text:ti_sysbios_knl_Task_restore__E)
                  9501f040    00000060                  : BIOS.obj (.text:ti_sysbios_timers_dmtimer_Timer_getCount__E)
                  9501f0a0    00000060                  : BIOS.obj (.text:ti_sysbios_timers_dmtimer_Timer_getFreq__E)
                  9501f100    00000060     ipc_pe66.oe66 (.text:ti_sysbios_xdcruntime_GateThreadSupport_create)
                  9501f160    00000060     ti.trace.ae66 : SysMin.oe66 (.text:ti_trace_SysMin_Module_startup__E)
                  9501f1c0    00000060     ipc.ae66 : Ipc.obj (.text:vring_init$21)
                  9501f220    00000060     ipc_pe66.oe66 (.text:xdc_runtime_LoggerSys_Object__create__S)
                  9501f280    00000060     ti.targets.rts6000.ae66 : LoggerSys.oe66 (.text:xdc_runtime_LoggerSys_write0__E)
                  9501f2e0    00000060                             : LoggerSys.oe66 (.text:xdc_runtime_LoggerSys_write1__E)
                  9501f340    00000060                             : Memory.oe66 (.text:xdc_runtime_Memory_valloc__E)
                  9501f3a0    00000060                             : Registry.oe66 (.text:xdc_runtime_Registry_matchPattern__I)
                  9501f400    00000060                             : System.oe66 (.text:xdc_runtime_System_putch__E)
                  9501f460    00000060                             : Text.oe66 (.text:xdc_runtime_Text_cordText__E)
                  9501f4c0    00000040     ipc.ae66 : Ipc.obj (.text:NameServer_getLocalUInt32)
                  9501f500    00000040              : Ipc.obj (.text:_VirtQueue_getVA$21)
                  9501f540    00000040     rts6600_elf.lib : isinf.c.obj (.text:__c6xabi_isinf)
                  9501f580    00000040                     : _printfi.c.obj (.text:__c6xabi_isnan)
                  9501f5c0    00000040                     : strasg.asm.obj (.text:__strasgi_64plus)
                  9501f600    00000040                     : args_main.c.obj (.text:_args_main)
                  9501f640    00000040                     : snprintf.c.obj (.text:_outc)
                  9501f680    00000040                     : sprintf.c.obj (.text:_outs)
                  9501f6c0    00000040     sysbios.ae66 : c62_TaskSupport_asm.obj (.text:_ti_sysbios_family_c62_TaskSupport_buildTaskStack)
                  9501f700    00000040     rts6600_elf.lib : strlen.c.obj (.text:strlen)
                  9501f740    00000040     ipc_pe66.oe66 (.text:ti_ipc_namesrv_NameServerRemoteRpmsg_Handle__label__S)
                  9501f780    00000040     ipc_pe66.oe66 (.text:ti_ipc_namesrv_NameServerRemoteRpmsg_Object__delete__S)
                  9501f7c0    00000040     ipc_pe66.oe66 (.text:ti_ipc_namesrv_NameServerRemoteRpmsg_Object__first__S)
                  9501f800    00000040     ipc_pe66.oe66 (.text:ti_ipc_namesrv_NameServerRemoteRpmsg_Object__next__S)
                  9501f840    00000040     ipc_pe66.oe66 (.text:ti_ipc_namesrv_NameServerRemoteRpmsg_get__E)
                  9501f880    00000040     ipc_pe66.oe66 (.text:ti_ipc_remoteproc_Resource_init__I)
                  9501f8c0    00000040     ipc_pe66.oe66 (.text:ti_ipc_transports_TransportRpmsg_Handle__label__S)
                  9501f900    00000040     ipc_pe66.oe66 (.text:ti_ipc_transports_TransportRpmsg_Object__delete__S)
                  9501f940    00000040     ipc_pe66.oe66 (.text:ti_ipc_transports_TransportRpmsg_Params__init__S)
                  9501f980    00000040     ipc.ae66 : Ipc.obj (.text:ti_sdo_ipc_MessageQ_Instance_State_highList$5)
                  9501f9c0    00000040              : Ipc.obj (.text:ti_sdo_ipc_MessageQ_Instance_State_normalList$5)
                  9501fa00    00000040     ipc_pe66.oe66 (.text:ti_sdo_ipc_MessageQ_Object__delete__S)
                  9501fa40    00000040     ipc_pe66.oe66 (.text:ti_sdo_ipc_MessageQ_Object__get__S)
                  9501fa80    00000040     ipc_pe66.oe66 (.text:ti_sdo_ipc_MessageQ_Params__init__S)
                  9501fac0    00000040     ipc_pe66.oe66 (.text:ti_sdo_ipc_MessageQ_registerTransport__E)
                  9501fb00    00000040     ipc_pe66.oe66 (.text:ti_sdo_ipc_MessageQ_unregisterTransport__E)
                  9501fb40    00000040     ipc_pe66.oe66 (.text:ti_sdo_ipc_family_vayu_NotifySetup_plugHwi__E)
                  9501fb80    00000040     ipc.ae66 : Ipc.obj (.text:ti_sdo_ipc_interfaces_IMessageQTransport_put$5)
                  9501fbc0    00000040              : Ipc.obj (.text:ti_sdo_ipc_interfaces_INetworkTransport_bind$5)
                  9501fc00    00000040              : Ipc.obj (.text:ti_sdo_ipc_interfaces_INetworkTransport_put$5)
                  9501fc40    00000040              : Ipc.obj (.text:ti_sdo_ipc_interfaces_INetworkTransport_unbind$5)
                  9501fc80    00000040              : Ipc.obj (.text:ti_sdo_ipc_interfaces_INotifyDriver_setNotifyHandle$8)
                  9501fcc0    00000040     ipc_pe66.oe66 (.text:ti_sdo_utils_List_Object__get__S)
                  9501fd00    00000040     ipc_pe66.oe66 (.text:ti_sdo_utils_List_destruct)
                  9501fd40    00000040     ipc.ae66 : Ipc.obj (.text:ti_sdo_utils_List_enqueueHead__E)
                  9501fd80    00000040              : Ipc.obj (.text:ti_sdo_utils_List_enqueue__E)
                  9501fdc0    00000040              : Ipc.obj (.text:ti_sdo_utils_List_get__E)
                  9501fe00    00000040              : Ipc.obj (.text:ti_sdo_utils_List_next__E)
                  9501fe40    00000040              : Ipc.obj (.text:ti_sdo_utils_List_putHead__E)
                  9501fe80    00000040              : Ipc.obj (.text:ti_sdo_utils_List_put__E)
                  9501fec0    00000040              : Ipc.obj (.text:ti_sdo_utils_List_remove__E)
                  9501ff00    00000040              : Ipc.obj (.text:ti_sdo_utils_MultiProc_getClusterId__F)
                  9501ff40    00000040              : Ipc.obj (.text:ti_sdo_utils_NameServer_Instance_State_freeList$0)
                  9501ff80    00000040              : Ipc.obj (.text:ti_sdo_utils_NameServer_Instance_State_nameList$0)
                  9501ffc0    00000040     ipc_pe66.oe66 (.text:ti_sdo_utils_NameServer_Module__startupDone__F)
                  95020000    00000040     ipc_pe66.oe66 (.text:ti_sdo_utils_NameServer_Object__first__S)
                  95020040    00000040     ipc_pe66.oe66 (.text:ti_sdo_utils_NameServer_Object__next__S)
                  95020080    00000040     ipc_pe66.oe66 (.text:ti_sysbios_BIOS_exitFunc__I)
                  950200c0    00000040     sysbios.ae66 : BIOS.obj (.text:ti_sysbios_BIOS_getCpuFreq__E)
                  95020100    00000040     ipc_pe66.oe66 (.text:ti_sysbios_BIOS_registerRTSLock__I)
                  95020140    00000040     ipc_pe66.oe66 (.text:ti_sysbios_BIOS_removeRTSLock__I)
                  95020180    00000040     sysbios.ae66 : BIOS.obj (.text:ti_sysbios_BIOS_setThreadType__E)
                  950201c0    00000040     ipc_pe66.oe66 (.text:ti_sysbios_BIOS_startFunc__I)
                  95020200    00000040     sysbios.ae66 : BIOS.obj (.text:ti_sysbios_family_c62_TaskSupport_checkStack__E)
                  95020240    00000040                  : BIOS.obj (.text:ti_sysbios_family_c64p_Exception_externalHandler__I)
                  95020280    00000040     ipc_pe66.oe66 (.text:ti_sysbios_family_c64p_Hwi_Module__startupDone__F)
                  950202c0    00000040     ipc_pe66.oe66 (.text:ti_sysbios_family_c64p_Hwi_Params__init__S)
                  95020300    00000040     sysbios.ae66 : BIOS.obj (.text:ti_sysbios_family_c64p_Hwi_clearInterrupt__E)
                  95020340    00000040                  : BIOS.obj (.text:ti_sysbios_family_c64p_Hwi_disableInterrupt__E)
                  95020380    00000040                  : BIOS.obj (.text:ti_sysbios_family_c64p_Hwi_dispatchC__I)
                  950203c0    00000040                  : BIOS.obj (.text:ti_sysbios_family_c64p_Hwi_enableInterrupt__E)
                  95020400    00000040                  : BIOS.obj (.text:ti_sysbios_family_c64p_Hwi_getIsrStackAddress__I)
                  95020440    00000040     ipc_pe66.oe66 (.text:ti_sysbios_family_c64p_TimestampProvider_Module__startupDone__F)
                  95020480    00000040     sysbios.ae66 : BIOS.obj (.text:ti_sysbios_family_c64p_TimestampProvider_get64__E)
                  950204c0    00000040                  : BIOS.obj (.text:ti_sysbios_family_c66_Cache_Module_startup__E)
                  95020500    00000040                  : BIOS.obj (.text:ti_sysbios_family_c66_Cache_RTSSynchInv__I)
                  95020540    00000040                  : BIOS.obj (.text:ti_sysbios_family_c66_Cache_RTSSynchWbInv__I)
                  95020580    00000040                  : BIOS.obj (.text:ti_sysbios_family_c66_Cache_RTSSynchWb__I)
                  950205c0    00000040                  : BIOS.obj (.text:ti_sysbios_family_c66_Cache_invPrefetchBuffer__I)
                  95020600    00000040                  : BIOS.obj (.text:ti_sysbios_family_c66_Cache_inv__E)
                  95020640    00000040                  : BIOS.obj (.text:ti_sysbios_family_c66_Cache_wbInv__E)
                  95020680    00000040     ipc_pe66.oe66 (.text:ti_sysbios_family_shared_vayu_TimerSupport_Module__startupDone__F)
                  950206c0    00000040     ipc_pe66.oe66 (.text:ti_sysbios_gates_GateHwi_Handle__label__S)
                  95020700    00000040     ipc_pe66.oe66 (.text:ti_sysbios_gates_GateHwi_Object__delete__S)
                  95020740    00000040     ipc_pe66.oe66 (.text:ti_sysbios_gates_GateHwi_Params__init__S)
                  95020780    00000040     sysbios.ae66 : BIOS.obj (.text:ti_sysbios_gates_GateHwi_enter__E)
                  950207c0    00000040     ipc_pe66.oe66 (.text:ti_sysbios_gates_GateMutexPri_Handle__label__S)
                  95020800    00000040     sysbios.ae66 : BIOS.obj (.text:ti_sysbios_gates_GateMutexPri_Instance_State_pendQ$16)
                  95020840    00000040                  : BIOS.obj (.text:ti_sysbios_gates_GateMutexPri_Instance_finalize__E)
                  95020880    00000040     ipc_pe66.oe66 (.text:ti_sysbios_gates_GateMutexPri_Object__delete__S)
                  950208c0    00000040     ipc_pe66.oe66 (.text:ti_sysbios_gates_GateMutexPri_destruct)
                  95020900    00000040     ipc_pe66.oe66 (.text:ti_sysbios_gates_GateMutex_Handle__label__S)
                  95020940    00000040     sysbios.ae66 : BIOS.obj (.text:ti_sysbios_gates_GateMutex_Instance_State_sem$17)
                  95020980    00000040                  : BIOS.obj (.text:ti_sysbios_gates_GateMutex_Instance_finalize__E)
                  950209c0    00000040                  : BIOS.obj (.text:ti_sysbios_gates_GateMutex_Instance_init__E)
                  95020a00    00000040     ipc_pe66.oe66 (.text:ti_sysbios_gates_GateMutex_Object__delete__S)
                  95020a40    00000040     sysbios.ae66 : BIOS.obj (.text:ti_sysbios_gates_GateMutex_leave__E)
                  95020a80    00000040     ipc_pe66.oe66 (.text:ti_sysbios_gates_GateSwi_Handle__label__S)
                  95020ac0    00000040     ipc_pe66.oe66 (.text:ti_sysbios_gates_GateSwi_Object__delete__S)
                  95020b00    00000040     ipc_pe66.oe66 (.text:ti_sysbios_hal_Cache_CacheProxy_inv__E)
                  95020b40    00000040     sysbios.ae66 : BIOS.obj (.text:ti_sysbios_hal_Cache_inv__E)
                  95020b80    00000040     ipc_pe66.oe66 (.text:ti_sysbios_hal_Hwi_HwiProxy_getStackInfo__E)
                  95020bc0    00000040     sysbios.ae66 : BIOS.obj (.text:ti_sysbios_hal_Hwi_getStackInfo__E)
                  95020c00    00000040     ipc_pe66.oe66 (.text:ti_sysbios_heaps_HeapBuf_Handle__label__S)
                  95020c40    00000040     sysbios.ae66 : BIOS.obj (.text:ti_sysbios_heaps_HeapBuf_Instance_State_freeList$18)
                  95020c80    00000040                  : BIOS.obj (.text:ti_sysbios_heaps_HeapBuf_Instance_finalize__E)
                  95020cc0    00000040     ipc_pe66.oe66 (.text:ti_sysbios_heaps_HeapBuf_Object__delete__S)
                  95020d00    00000040     ipc_pe66.oe66 (.text:ti_sysbios_heaps_HeapMem_Handle__label__S)
                  95020d40    00000040     ipc_pe66.oe66 (.text:ti_sysbios_heaps_HeapMem_Object__delete__S)
                  95020d80    00000040     sysbios.ae66 : BIOS.obj (.text:ti_sysbios_heaps_HeapMem_restore__E)
                  95020dc0    00000040                  : BIOS.obj (.text:ti_sysbios_knl_Clock_Module_State_clockQ$6)
                  95020e00    00000040     ipc_pe66.oe66 (.text:ti_sysbios_knl_Clock_Module_State_clockQ)
                  95020e40    00000040     sysbios.ae66 : BIOS.obj (.text:ti_sysbios_knl_Clock_enqueueI__E)
                  95020e80    00000040                  : BIOS.obj (.text:ti_sysbios_knl_Clock_getTicks__E)
                  95020ec0    00000040                  : BIOS.obj (.text:ti_sysbios_knl_Clock_startI__E)
                  95020f00    00000040                  : BIOS.obj (.text:ti_sysbios_knl_Queue_Instance_init__E)
                  95020f40    00000040     ipc_pe66.oe66 (.text:ti_sysbios_knl_Queue_Object__get__S)
                  95020f80    00000040     sysbios.ae66 : BIOS.obj (.text:ti_sysbios_knl_Queue_dequeue__E)
                  95020fc0    00000040     ipc_pe66.oe66 (.text:ti_sysbios_knl_Queue_destruct)
                  95021000    00000040     sysbios.ae66 : BIOS.obj (.text:ti_sysbios_knl_Queue_empty__E)
                  95021040    00000040                  : BIOS.obj (.text:ti_sysbios_knl_Queue_enqueue__E)
                  95021080    00000040                  : BIOS.obj (.text:ti_sysbios_knl_Queue_insert__E)
                  950210c0    00000040                  : BIOS.obj (.text:ti_sysbios_knl_Queue_remove__E)
                  95021100    00000040                  : BIOS.obj (.text:ti_sysbios_knl_Semaphore_Instance_State_pendQ$10)
                  95021140    00000040                  : BIOS.obj (.text:ti_sysbios_knl_Semaphore_Instance_finalize__E)
                  95021180    00000040     ipc_pe66.oe66 (.text:ti_sysbios_knl_Semaphore_Object__delete__S)
                  950211c0    00000040     ipc_pe66.oe66 (.text:ti_sysbios_knl_Semaphore_Params__init__S)
                  95021200    00000040     ipc_pe66.oe66 (.text:ti_sysbios_knl_Semaphore_destruct)
                  95021240    00000040     ipc_pe66.oe66 (.text:ti_sysbios_knl_Swi_Object__delete__S)
                  95021280    00000040     ipc_pe66.oe66 (.text:ti_sysbios_knl_Swi_Object__get__S)
                  950212c0    00000040     sysbios.ae66 : BIOS.obj (.text:ti_sysbios_knl_Swi_disable__E)
                  95021300    00000040                  : BIOS.obj (.text:ti_sysbios_knl_Task_Module_State_inactiveQ$12)
                  95021340    00000040     ipc_pe66.oe66 (.text:ti_sysbios_knl_Task_Object__get__S)
                  95021380    00000040     ipc_pe66.oe66 (.text:ti_sysbios_knl_Task_Params__init__S)
                  950213c0    00000040     sysbios.ae66 : BIOS.obj (.text:ti_sysbios_knl_Task_block__E)
                  95021400    00000040                  : BIOS.obj (.text:ti_sysbios_knl_Task_disable__E)
                  95021440    00000040                  : BIOS.obj (.text:ti_sysbios_knl_Task_enabled__E)
                  95021480    00000040                  : BIOS.obj (.text:ti_sysbios_knl_Task_enter__I)
                  950214c0    00000040                  : BIOS.obj (.text:ti_sysbios_knl_Task_restoreHwi__E)
                  95021500    00000040                  : BIOS.obj (.text:ti_sysbios_knl_Task_unblock__E)
                  95021540    00000040     ipc_pe66.oe66 (.text:ti_sysbios_syncs_SyncSem_Handle__label__S)
                  95021580    00000040     sysbios.ae66 : BIOS.obj (.text:ti_sysbios_syncs_SyncSem_Instance_finalize__E)
                  950215c0    00000040     ipc_pe66.oe66 (.text:ti_sysbios_syncs_SyncSem_Object__delete__S)
                  95021600    00000040     sysbios.ae66 : BIOS.obj (.text:ti_sysbios_syncs_SyncSem_query__E)
                  95021640    00000040     ipc_pe66.oe66 (.text:ti_sysbios_timers_dmtimer_Timer_Module__startupDone__F)
                  95021680    00000040     sysbios.ae66 : BIOS.obj (.text:ti_sysbios_timers_dmtimer_Timer_checkOverflow__I)
                  950216c0    00000040                  : BIOS.obj (.text:ti_sysbios_xdcruntime_GateThreadSupport_Instance_State_gate$31)
                  95021700    00000040                  : BIOS.obj (.text:ti_sysbios_xdcruntime_GateThreadSupport_Instance_finalize__E)
                  95021740    00000040                  : BIOS.obj (.text:ti_sysbios_xdcruntime_GateThreadSupport_Instance_init__E)
                  95021780    00000040     ipc_pe66.oe66 (.text:ti_sysbios_xdcruntime_GateThreadSupport_Object__delete__S)
                  950217c0    00000040     sysbios.ae66 : BIOS.obj (.text:ti_sysbios_xdcruntime_GateThreadSupport_leave__E)
                  95021800    00000040     ti.trace.ae66 : SysMin.oe66 (.text:ti_trace_SysMin_exit__E)
                  95021840    00000040     ipc.ae66 : Ipc.obj (.text:vring_size$21)
                  95021880    00000040     rts6600_elf.lib : wcslen.c.obj (.text:wcslen)
                  950218c0    00000040     ti.targets.rts6000.ae66 : Error.oe66 (.text:xdc_runtime_Error_check__E)
                  95021900    00000040                             : Error.oe66 (.text:xdc_runtime_Error_init__E)
                  95021940    00000040     ipc.ae66 : Ipc.obj (.text:xdc_runtime_IGateProvider_leave$5)
                  95021980    00000040     ipc_pe66.oe66 (.text:xdc_runtime_IHeap_alloc)
                  950219c0    00000040     ipc_pe66.oe66 (.text:xdc_runtime_IHeap_free)
                  95021a00    00000040     ipc_pe66.oe66 (.text:xdc_runtime_LoggerSys_Handle__label__S)
                  95021a40    00000040     ipc_pe66.oe66 (.text:xdc_runtime_LoggerSys_Object__delete__S)
                  95021a80    00000040     ti.targets.rts6000.ae66 : LoggerSys.oe66 (.text:xdc_runtime_LoggerSys_write2__E)
                  95021ac0    00000040                             : LoggerSys.oe66 (.text:xdc_runtime_LoggerSys_write4__E)
                  95021b00    00000040                             : Registry.oe66 (.text:xdc_runtime_Registry_findById__E)
                  95021b40    00000040     ipc_pe66.oe66 (.text:xdc_runtime_Startup_exec__I)
                  95021b80    00000040     ti.targets.rts6000.ae66 : System.oe66 (.text:xdc_runtime_System_abort__E)
                  95021bc0    00000040     ipc_pe66.oe66 (.text:xdc_runtime_System_aprintf__E)
                  95021c00    00000040     ti.targets.rts6000.ae66 : System.oe66 (.text:xdc_runtime_System_exit__E)
                  95021c40    00000040     ipc_pe66.oe66 (.text:xdc_runtime_System_printf__E)
                  95021c80    00000040     ti.targets.rts6000.ae66 : Text.oe66 (.text:xdc_runtime_Text_matchRope__E)
                  95021cc0    00000040     ipc_pe66.oe66 (.text:xdc_runtime_Text_visitRope__I)
                  95021d00    00000040     ipc_pe66.oe66 (.text:xdc_runtime_knl_GateThread_Handle__label__S)
                  95021d40    00000040     ti.targets.rts6000.ae66 : GateThread.oe66 (.text:xdc_runtime_knl_GateThread_Instance_init__E)
                  95021d80    00000040     ipc_pe66.oe66 (.text:xdc_runtime_knl_GateThread_Object__delete__S)
                  95021dc0    00000040     ipc.ae66 : Ipc.obj (.text:xdc_runtime_knl_ISync_wait$5)
                  95021e00    00000020     ti.pm_null.ae66 : IpcPower_null.oe66 (.text:IpcPower_canHibernate)
                  95021e20    00000020                     : IpcPower_null.oe66 (.text:IpcPower_init)
                  95021e40    00000020                     : IpcPower_null.oe66 (.text:IpcPower_suspend)
                  95021e60    00000020     ipc.ae66 : Ipc.obj (.text:MessageQ_delete)
                  95021e80    00000020              : Ipc.obj (.text:MultiProc_getBaseIdOfCluster)
                  95021ea0    00000020              : Ipc.obj (.text:MultiProc_getNumProcsInCluster)
                  95021ec0    00000020              : Ipc.obj (.text:MultiProc_self)
                  95021ee0    00000020              : Ipc.obj (.text:NameServer_addUInt32)
                  95021f00    00000020              : Ipc.obj (.text:NameServer_removeEntry)
                  95021f20    00000020              : Ipc.obj (.text:VirtQueue_Params_init$23)
                  95021f40    00000020     rts6600_elf.lib : errno.c.obj (.text:__c6xabi_errno_addr)
                  95021f60    00000020                     : push.asm.obj (.text:__pop_rts)
                  95021f80    00000020                     : push.asm.obj (.text:__push_rts)
                  95021fa0    00000020                     : _lock.c.obj (.text:_nop)
                  95021fc0    00000020                     : sprintf.c.obj (.text:_outc)
                  95021fe0    00000020                     : _lock.c.obj (.text:_register_lock)
                  95022000    00000020                     : _data_synch.c.obj (.text:_register_synch_api)
                  95022020    00000020                     : _lock.c.obj (.text:_register_unlock)
                  95022040    00000020                     : signbit.c.obj (.text:_signbit)
                  95022060    00000020                     : startup.c.obj (.text:_system_post_cinit)
                  95022080    00000020     sysbios.ae66 : c62_TaskSupport_asm.obj (.text:_ti_sysbios_family_c62_TaskSupport_glue)
                  950220a0    00000020     rts6600_elf.lib : exit.c.obj (.text:abort)
                  950220c0    00000020                     : copy_decompress_none.c.obj (.text:decompress:none:__TI_decompress_none)
                  950220e0    00000020                     : copy_decompress_rle.c.obj (.text:decompress:rle24:__TI_decompress_rle24)
                  95022100    00000020     ipc.ae66 : Ipc.obj (.text:ti_ipc_namesrv_NameServerRemoteRpmsg_Handle_upCast$11)
                  95022120    00000020              : Ipc.obj (.text:ti_ipc_namesrv_NameServerRemoteRpmsg_Instance_finalize__E)
                  95022140    00000020              : Ipc.obj (.text:ti_ipc_namesrv_NameServerRemoteRpmsg_Object_first$11)
                  95022160    00000020              : Ipc.obj (.text:ti_ipc_namesrv_NameServerRemoteRpmsg_Object_next$11)
                  95022180    00000020     ipc_pe66.oe66 (.text:ti_ipc_namesrv_NameServerRemoteRpmsg_delete)
                  950221a0    00000020     ipc.ae66 : Ipc.obj (.text:ti_ipc_namesrv_NameServerRemoteRpmsg_sharedMemReq__E)
                  950221c0    00000020              : Ipc.obj (.text:ti_ipc_remoteproc_Resource_Module_startup__E)
                  950221e0    00000020              : Ipc.obj (.text:ti_ipc_transports_TransportRpmsg_Handle_upCast$9)
                  95022200    00000020              : Ipc.obj (.text:ti_ipc_transports_TransportRpmsg_Params_init$10)
                  95022220    00000020              : Ipc.obj (.text:ti_ipc_transports_TransportRpmsg_control__E)
                  95022240    00000020              : Ipc.obj (.text:ti_ipc_transports_TransportRpmsg_getStatus__E)
                  95022260    00000020              : Ipc.obj (.text:ti_ipc_transports_TransportRpmsg_setErrFxn__E)
                  95022280    00000020              : Ipc.obj (.text:ti_sdo_ipc_MessageQ_Object_get$5)
                  950222a0    00000020              : Ipc.obj (.text:ti_sdo_ipc_MessageQ_Params_init$5)
                  950222c0    00000020     ipc_pe66.oe66 (.text:ti_sdo_ipc_MessageQ_delete)
                  950222e0    00000020     ipc.ae66 : Ipc.obj (.text:ti_sdo_utils_List_Instance_init__E)
                  95022300    00000020              : Ipc.obj (.text:ti_sdo_utils_List_Object_get$8)
                  95022320    00000020              : Ipc.obj (.text:ti_sdo_utils_List_struct$5)
                  95022340    00000020              : Ipc.obj (.text:ti_sdo_utils_List_struct$8)
                  95022360    00000020     ipc_pe66.oe66 (.text:ti_sdo_utils_MultiProc_getClusterId__E)
                  95022380    00000020     ipc_pe66.oe66 (.text:ti_sdo_utils_NameServer_Module__startupDone__S)
                  950223a0    00000020     ipc.ae66 : Ipc.obj (.text:ti_sdo_utils_NameServer_Object_first$0)
                  950223c0    00000020              : Ipc.obj (.text:ti_sdo_utils_NameServer_Object_get$0)
                  950223e0    00000020              : Ipc.obj (.text:ti_sdo_utils_NameServer_Object_next$0)
                  95022400    00000020     ipc_pe66.oe66 (.text:ti_sysbios_BIOS_RtsGateProxy_enter__E)
                  95022420    00000020     ipc_pe66.oe66 (.text:ti_sysbios_BIOS_RtsGateProxy_leave__E)
                  95022440    00000020     sysbios.ae66 : BIOS.obj (.text:ti_sysbios_BIOS_exit__E)
                  95022460    00000020                  : BIOS.obj (.text:ti_sysbios_BIOS_getThreadType__E)
                  95022480    00000020                  : BIOS.obj (.text:ti_sysbios_BIOS_linkedWithIncorrectBootLibrary__E)
                  950224a0    00000020     ipc_pe66.oe66 (.text:ti_sysbios_BIOS_nullFunc__I)
                  950224c0    00000020     sysbios.ae66 : BIOS.obj (.text:ti_sysbios_BIOS_start__E)
                  950224e0    00000020     ipc_pe66.oe66 (.text:ti_sysbios_family_c62_TaskSupport_Module__startupDone__S)
                  95022500    00000020     sysbios.ae66 : BIOS.obj (.text:ti_sysbios_family_c62_TaskSupport_getStackAlignment__E)
                  95022520    00000020     ipc_pe66.oe66 (.text:ti_sysbios_family_c64p_Hwi_Module__startupDone__S)
                  95022540    00000020     ipc.ae66 : Ipc.obj (.text:ti_sysbios_family_c64p_Hwi_Params_init$14)
                  95022560    00000020     sysbios.ae66 : BIOS.obj (.text:ti_sysbios_family_c64p_Hwi_postInit__I)
                  95022580    00000020                  : BIOS.obj (.text:ti_sysbios_family_c64p_Hwi_startup__E)
                  950225a0    00000020                  : BIOS.obj (.text:ti_sysbios_family_c64p_Hwi_switchFromBootStack__E)
                  950225c0    00000020                  : BIOS.obj (.text:ti_sysbios_family_c64p_Hwi_unPluggedInterrupt__I)
                  950225e0    00000020     ipc_pe66.oe66 (.text:ti_sysbios_family_c64p_TimestampProvider_Module__startupDone__S)
                  95022600    00000020     sysbios.ae66 : BIOS.obj (.text:ti_sysbios_family_c64p_TimestampProvider_Module_startup__E)
                  95022620    00000020                  : BIOS.obj (.text:ti_sysbios_family_c64p_TimestampProvider_get32__E)
                  95022640    00000020                  : BIOS.obj (.text:ti_sysbios_family_c64p_TimestampProvider_getFreq__E)
                  95022660    00000020                  : BIOS.obj (.text:ti_sysbios_family_c66_Cache_invL1pAll__E)
                  95022680    00000020                  : BIOS.obj (.text:ti_sysbios_family_c66_Cache_wait__E)
                  950226a0    00000020                  : BIOS.obj (.text:ti_sysbios_family_c66_Cache_wbAll__E)
                  950226c0    00000020                  : BIOS.obj (.text:ti_sysbios_family_c66_Cache_wbInvAll__E)
                  950226e0    00000020     ipc_pe66.oe66 (.text:ti_sysbios_family_shared_vayu_IntXbar_Module__startupDone__S)
                  95022700    00000020     ipc_pe66.oe66 (.text:ti_sysbios_family_shared_vayu_TimerSupport_Module__startupDone__S)
                  95022720    00000020     sysbios.ae66 : BIOS.obj (.text:ti_sysbios_family_shared_vayu_TimerSupport_Module_startup__E)
                  95022740    00000020                  : BIOS.obj (.text:ti_sysbios_family_shared_vayu_TimerSupport_enable__E)
                  95022760    00000020                  : BIOS.obj (.text:ti_sysbios_gates_GateHwi_Instance_init__E)
                  95022780    00000020     ipc.ae66 : Ipc.obj (.text:ti_sysbios_gates_GateHwi_Params_init$23)
                  950227a0    00000020     ipc_pe66.oe66 (.text:ti_sysbios_gates_GateHwi_delete)
                  950227c0    00000020     sysbios.ae66 : BIOS.obj (.text:ti_sysbios_gates_GateHwi_leave__E)
                  950227e0    00000020                  : BIOS.obj (.text:ti_sysbios_gates_GateHwi_query__E)
                  95022800    00000020                  : BIOS.obj (.text:ti_sysbios_gates_GateMutexPri_query__E)
                  95022820    00000020                  : BIOS.obj (.text:ti_sysbios_gates_GateMutexPri_struct$31)
                  95022840    00000020                  : BIOS.obj (.text:ti_sysbios_gates_GateMutex_query__E)
                  95022860    00000020                  : BIOS.obj (.text:ti_sysbios_gates_GateSwi_Instance_init__E)
                  95022880    00000020                  : BIOS.obj (.text:ti_sysbios_gates_GateSwi_leave__E)
                  950228a0    00000020     ipc_pe66.oe66 (.text:ti_sysbios_hal_Cache_CacheProxy_wbAll__E)
                  950228c0    00000020     sysbios.ae66 : BIOS.obj (.text:ti_sysbios_hal_Cache_wbAll__E)
                  950228e0    00000020     ipc_pe66.oe66 (.text:ti_sysbios_hal_Hwi_HwiProxy_Module__startupDone__S)
                  95022900    00000020     ipc_pe66.oe66 (.text:ti_sysbios_hal_Hwi_HwiProxy_clearInterrupt__E)
                  95022920    00000020     ipc_pe66.oe66 (.text:ti_sysbios_hal_Hwi_HwiProxy_disableInterrupt__E)
                  95022940    00000020     ipc_pe66.oe66 (.text:ti_sysbios_hal_Hwi_HwiProxy_enableInterrupt__E)
                  95022960    00000020     ipc_pe66.oe66 (.text:ti_sysbios_hal_Hwi_HwiProxy_startup__E)
                  95022980    00000020     ipc_pe66.oe66 (.text:ti_sysbios_hal_Hwi_HwiProxy_switchFromBootStack__E)
                  950229a0    00000020     sysbios.ae66 : BIOS.obj (.text:ti_sysbios_hal_Hwi_Module_startup__E)
                  950229c0    00000020                  : BIOS.obj (.text:ti_sysbios_hal_Hwi_clearInterrupt__E)
                  950229e0    00000020                  : BIOS.obj (.text:ti_sysbios_hal_Hwi_disableInterrupt__E)
                  95022a00    00000020                  : BIOS.obj (.text:ti_sysbios_hal_Hwi_enableInterrupt__E)
                  95022a20    00000020                  : BIOS.obj (.text:ti_sysbios_hal_Hwi_startup__E)
                  95022a40    00000020                  : BIOS.obj (.text:ti_sysbios_hal_Hwi_switchFromBootStack__E)
                  95022a60    00000020                  : BIOS.obj (.text:ti_sysbios_heaps_HeapBuf_Object_get$18)
                  95022a80    00000020                  : BIOS.obj (.text:ti_sysbios_heaps_HeapBuf_isBlocking__E)
                  95022aa0    00000020     ipc_pe66.oe66 (.text:ti_sysbios_heaps_HeapMem_Module_GateProxy_enter__E)
                  95022ac0    00000020     ipc_pe66.oe66 (.text:ti_sysbios_heaps_HeapMem_Module_GateProxy_leave__E)
                  95022ae0    00000020     ipc_pe66.oe66 (.text:ti_sysbios_heaps_HeapMem_Module_GateProxy_query__E)
                  95022b00    00000020     sysbios.ae66 : BIOS.obj (.text:ti_sysbios_heaps_HeapMem_Object_get$19)
                  95022b20    00000020                  : BIOS.obj (.text:ti_sysbios_heaps_HeapMem_isBlocking__E)
                  95022b40    00000020     ipc_pe66.oe66 (.text:ti_sysbios_knl_Clock_TimerProxy_Module__startupDone__S)
                  95022b60    00000020     ipc_pe66.oe66 (.text:ti_sysbios_knl_Clock_TimerProxy_getMaxTicks__E)
                  95022b80    00000020     sysbios.ae66 : BIOS.obj (.text:ti_sysbios_knl_Clock_handle$10)
                  95022ba0    00000020                  : BIOS.obj (.text:ti_sysbios_knl_Clock_removeI__E)
                  95022bc0    00000020                  : BIOS.obj (.text:ti_sysbios_knl_Clock_stop__E)
                  95022be0    00000020                  : BIOS.obj (.text:ti_sysbios_knl_Idle_loop__E)
                  95022c00    00000020                  : BIOS.obj (.text:ti_sysbios_knl_Queue_Object_get$11)
                  95022c20    00000020                  : BIOS.obj (.text:ti_sysbios_knl_Queue_Object_get$12)
                  95022c40    00000020                  : BIOS.obj (.text:ti_sysbios_knl_Queue_elemClear__E)
                  95022c60    00000020                  : BIOS.obj (.text:ti_sysbios_knl_Queue_head__E)
                  95022c80    00000020                  : BIOS.obj (.text:ti_sysbios_knl_Queue_next__E)
                  95022ca0    00000020                  : BIOS.obj (.text:ti_sysbios_knl_Queue_prev__E)
                  95022cc0    00000020                  : BIOS.obj (.text:ti_sysbios_knl_Queue_struct$10)
                  95022ce0    00000020                  : BIOS.obj (.text:ti_sysbios_knl_Queue_struct$16)
                  95022d00    00000020                  : BIOS.obj (.text:ti_sysbios_knl_Queue_struct$18)
                  95022d20    00000020                  : BIOS.obj (.text:ti_sysbios_knl_Semaphore_Params_init$20)
                  95022d40    00000020     ipc.ae66 : Ipc.obj (.text:ti_sysbios_knl_Semaphore_Params_init$23)
                  95022d60    00000020     ipc_pe66.oe66 (.text:ti_sysbios_knl_Semaphore_delete)
                  95022d80    00000020     sysbios.ae66 : BIOS.obj (.text:ti_sysbios_knl_Semaphore_getCount__E)
                  95022da0    00000020                  : BIOS.obj (.text:ti_sysbios_knl_Semaphore_struct$17)
                  95022dc0    00000020                  : BIOS.obj (.text:ti_sysbios_knl_Swi_Object_get$11)
                  95022de0    00000020     ipc_pe66.oe66 (.text:ti_sysbios_knl_Swi_delete)
                  95022e00    00000020     sysbios.ae66 : BIOS.obj (.text:ti_sysbios_knl_Swi_enabled__E)
                  95022e20    00000020                  : BIOS.obj (.text:ti_sysbios_knl_Swi_postInit__I)
                  95022e40    00000020                  : BIOS.obj (.text:ti_sysbios_knl_Swi_startup__E)
                  95022e60    00000020                  : BIOS.obj (.text:ti_sysbios_knl_Task_Object_get$12)
                  95022e80    00000020     ipc_pe66.oe66 (.text:ti_sysbios_knl_Task_SupportProxy_Module__startupDone__S)
                  95022ea0    00000020     ipc_pe66.oe66 (.text:ti_sysbios_knl_Task_SupportProxy_checkStack__E)
                  95022ec0    00000020     ipc_pe66.oe66 (.text:ti_sysbios_knl_Task_SupportProxy_getStackAlignment__E)
                  95022ee0    00000020     ipc_pe66.oe66 (.text:ti_sysbios_knl_Task_SupportProxy_start__E)
                  95022f00    00000020     ipc_pe66.oe66 (.text:ti_sysbios_knl_Task_SupportProxy_swap__E)
                  95022f20    00000020     sysbios.ae66 : BIOS.obj (.text:ti_sysbios_knl_Task_getPri__E)
                  95022f40    00000020                  : BIOS.obj (.text:ti_sysbios_knl_Task_handle$12)
                  95022f60    00000020                  : BIOS.obj (.text:ti_sysbios_knl_Task_self__E)
                  95022f80    00000020                  : BIOS.obj (.text:ti_sysbios_knl_Task_startup__E)
                  95022fa0    00000020     ipc.ae66 : Ipc.obj (.text:ti_sysbios_syncs_SyncSem_Handle_upCast$5)
                  95022fc0    00000020     ipc_pe66.oe66 (.text:ti_sysbios_syncs_SyncSem_delete)
                  95022fe0    00000020     sysbios.ae66 : BIOS.obj (.text:ti_sysbios_syncs_SyncSem_signal__E)
                  95023000    00000020     ipc_pe66.oe66 (.text:ti_sysbios_timers_dmtimer_Timer_Module__startupDone__S)
                  95023020    00000020     ipc_pe66.oe66 (.text:ti_sysbios_timers_dmtimer_Timer_TimerSupportProxy_Module__startupDone__S)
                  95023040    00000020     ipc_pe66.oe66 (.text:ti_sysbios_timers_dmtimer_Timer_TimerSupportProxy_enable__E)
                  95023060    00000020     sysbios.ae66 : BIOS.obj (.text:ti_sysbios_timers_dmtimer_Timer_getMaxTicks__E)
                  95023080    00000020                  : BIOS.obj (.text:ti_sysbios_xdcruntime_GateThreadSupport_enter__E)
                  950230a0    00000020                  : BIOS.obj (.text:ti_sysbios_xdcruntime_GateThreadSupport_query__E)
                  950230c0    00000020     ti.trace.ae66 : SysMin.oe66 (.text:ti_trace_SysMin_flush__E)
                  950230e0    00000020                   : SysMin.oe66 (.text:ti_trace_SysMin_ready__E)
                  95023100    00000020     ipc_pe66.oe66 (.text:xdc_iargToPtr)
                  95023120    00000020     ti.targets.rts6000.ae66 : Error.oe66 (.text:xdc_runtime_Error_getSite__E)
                  95023140    00000020                             : Error.oe66 (.text:xdc_runtime_Error_raiseX__E)
                  95023160    00000020                             : Gate.oe66 (.text:xdc_runtime_Gate_enterSystem__E)
                  95023180    00000020                             : Gate.oe66 (.text:xdc_runtime_Gate_leaveSystem__E)
                  950231a0    00000020     ipc.ae66 : Ipc.obj (.text:xdc_runtime_IGateProvider_enter$5)
                  950231c0    00000020     ti.targets.rts6000.ae66 : LoggerSys.oe66 (.text:xdc_runtime_LoggerSys_Instance_init__E)
                  950231e0    00000020     ipc_pe66.oe66 (.text:xdc_runtime_LoggerSys_TimestampProxy_get64__E)
                  95023200    00000020     ti.targets.rts6000.ae66 : LoggerSys.oe66 (.text:xdc_runtime_LoggerSys_disable__E)
                  95023220    00000020                             : LoggerSys.oe66 (.text:xdc_runtime_LoggerSys_enable__E)
                  95023240    00000020     ipc_pe66.oe66 (.text:xdc_runtime_Memory_HeapProxy_alloc__E)
                  95023260    00000020     ipc_pe66.oe66 (.text:xdc_runtime_Memory_HeapProxy_free__E)
                  95023280    00000020     ti.targets.rts6000.ae66 : Memory.oe66 (.text:xdc_runtime_Memory_calloc__E)
                  950232a0    00000020                             : Memory.oe66 (.text:xdc_runtime_Memory_free__E)
                  950232c0    00000020                             : Memory.oe66 (.text:xdc_runtime_Memory_getMaxDefaultTypeAlign__E)
                  950232e0    00000020                             : Registry.oe66 (.text:xdc_runtime_Registry_findByName__E)
                  95023300    00000020     ipc_pe66.oe66 (.text:xdc_runtime_Startup_Module__startupDone__S)
                  95023320    00000020     ipc_pe66.oe66 (.text:xdc_runtime_Startup_reset__I)
                  95023340    00000020     ti.targets.rts6000.ae66 : Startup.oe66 (.text:xdc_runtime_Startup_rtsDone__E)
                  95023360    00000020     ipc_pe66.oe66 (.text:xdc_runtime_System_Module_GateProxy_enter__E)
                  95023380    00000020     ipc_pe66.oe66 (.text:xdc_runtime_System_Module_GateProxy_leave__E)
                  950233a0    00000020     ti.targets.rts6000.ae66 : System.oe66 (.text:xdc_runtime_System_Module_startup__E)
                  950233c0    00000020     ipc_pe66.oe66 (.text:xdc_runtime_System_SupportProxy_abort__E)
                  950233e0    00000020     ipc_pe66.oe66 (.text:xdc_runtime_System_SupportProxy_exit__E)
                  95023400    00000020     ipc_pe66.oe66 (.text:xdc_runtime_System_SupportProxy_putch__E)
                  95023420    00000020     ipc_pe66.oe66 (.text:xdc_runtime_System_SupportProxy_ready__E)
                  95023440    00000020     ti.targets.rts6000.ae66 : System.oe66 (.text:xdc_runtime_System_vsnprintf__E)
                  95023460    00000020                             : Text.oe66 (.text:xdc_runtime_Text_ropeText__E)
                  95023480    00000020     ipc_pe66.oe66 (.text:xdc_runtime_Timestamp_SupportProxy_Module__startupDone__S)
                  950234a0    00000020     ipc_pe66.oe66 (.text:xdc_runtime_Timestamp_SupportProxy_get32__E)
                  950234c0    00000020     ipc_pe66.oe66 (.text:xdc_runtime_Timestamp_SupportProxy_getFreq__E)
                  950234e0    00000020     ipc.ae66 : Ipc.obj (.text:xdc_runtime_knl_GateThread_Handle_upCast$5)
                  95023500    00000020     ti.targets.rts6000.ae66 : GateThread.oe66 (.text:xdc_runtime_knl_GateThread_Instance_finalize__E)
                  95023520    00000020     ipc_pe66.oe66 (.text:xdc_runtime_knl_GateThread_Module__startupDone__S)
                  95023540    00000020     ipc_pe66.oe66 (.text:xdc_runtime_knl_GateThread_Proxy_create)
                  95023560    00000020     ipc_pe66.oe66 (.text:xdc_runtime_knl_GateThread_Proxy_delete)
                  95023580    00000020     ipc_pe66.oe66 (.text:xdc_runtime_knl_GateThread_Proxy_enter__E)
                  950235a0    00000020     ipc_pe66.oe66 (.text:xdc_runtime_knl_GateThread_Proxy_leave__E)
                  950235c0    00000020     ipc_pe66.oe66 (.text:xdc_runtime_knl_GateThread_Proxy_query__E)
                  950235e0    00000020     ti.targets.rts6000.ae66 : GateThread.oe66 (.text:xdc_runtime_knl_GateThread_enter__E)
                  95023600    00000020                             : GateThread.oe66 (.text:xdc_runtime_knl_GateThread_leave__E)
                  95023620    00000020     ipc.ae66 : Ipc.obj (.text:xdc_runtime_knl_ISync_signal$5)
                  95023640    00000020     sysbios.ae66 : BIOS.obj (.text:xdc_uargToPtr$10)
                  95023660    00000020                  : BIOS.obj (.text:xdc_uargToPtr$12)
                  95023680    00000020                  : BIOS.obj (.text:xdc_uargToPtr$18)
                  950236a0    00000020                  : BIOS.obj (.text:xdc_uargToPtr$19)

.far       0    95100000    00068e42     UNINITIALIZED
                  95100000    00040000     (.common:ti_sysbios_heaps_HeapBuf_Instance_State_1_buf__A)
                  95140000    00020000     (.common:ti_sysbios_heaps_HeapBuf_Instance_State_0_buf__A)
                  95160000    00008000     (.common:ti_sysbios_heaps_HeapMem_Instance_State_0_buf__A)
                  95168000    00000800     ipc_pe66.oe66 (.far:taskStackSection)
                  95168800    00000408     ipc.ae66 : Ipc.obj (.far:module$23)
                  95168c08    000001e4              : Ipc.obj (.far:NameServer_msg$11)
                  95168dec    00000010              : Ipc.obj (.far:transport$23)
                  95168dfc    0000000c     (.common:Test__Desc)
                  95168e08    0000000c     (.common:intInfo)
                  95168e14    0000000c     (.common:ti_ipc_family_vayu__Desc)
                  95168e20    0000000c     (.common:ti_ipc_rpmsg_RPMessage__Desc)
                  95168e2c    0000000c     ti.trace.ae66 : SysMin.oe66 (.far)
                  95168e38    00000008     Server.obj (.far:Module)
                  95168e40    00000002     ipc.ae66 : Ipc.obj (.far)

.const     0    95170e48    00006120     
                  95170e48    00003259     ipc_pe66.oe66 (.const:xdc_runtime_Text_charTab__A)
                  951740a1    00000001     --HOLE-- [fill = 0]
                  951740a2    00000002     ipc_pe66.oe66 (.const:ti_ipc_namesrv_NameServerRemoteRpmsg_Module__id__C)
                  951740a4    00000e14     ipc.ae66 : Ipc.obj (.const:.string)
                  95174eb8    00000518     sysbios.ae66 : BIOS.obj (.const:.string)
                  951753d0    00000400     ipc_pe66.oe66 (.const:ti_sysbios_family_c66_Cache_marvalues__C)
                  951757d0    000001e4     ipc_pe66.oe66 (.const:ti_sdo_ipc_family_vayu_InterruptDsp_mailboxTable__C)
                  951759b4    00000004     ti.targets.rts6000.ae66 : Assert.oe66 (.const:.string)
                  951759b8    000001e4     ipc_pe66.oe66 (.const:ti_sdo_ipc_family_vayu_NotifySetup_mailboxTable__C)
                  95175b9c    00000004     ti.targets.rts6000.ae66 : Diags.oe66 (.const:.string)
                  95175ba0    0000019c     ipc_pe66.oe66 (.const:xdc_runtime_Text_nodeTab__A)
                  95175d3c    0000010c     Server.obj (.const:.string)
                  95175e48    00000101     rts6600_elf.lib : ctype.c.obj (.const:.string:_ctypes_)
                  95175f49    00000001     --HOLE-- [fill = 0]
                  95175f4a    00000002     ipc_pe66.oe66 (.const:ti_ipc_namesrv_NameServerRemoteRpmsg_Module__loggerDefined__C)
                  95175f4c    000000f8     ipc_pe66.oe66 (.const:.string)
                  95176044    00000068     ipcMain.obj (.const:.string)
                  951760ac    00000058     ti.targets.rts6000.ae66 : Error.oe66 (.const:.string)
                  95176104    00000004     ipc_pe66.oe66 (.const:ti_ipc_namesrv_NameServerRemoteRpmsg_Module__diagsEnabled__C)
                  95176108    00000050     ipc_pe66.oe66 (.const:xdc_runtime_Startup_sfxnTab__A)
                  95176158    00000044     ti.targets.rts6000.ae66 : Log.oe66 (.const:.string)
[...]
95176dd8  ti_sysbios_knl_Task_Module__loggerFxn2__C                               
95176ddc  ti_sysbios_knl_Task_Module__loggerFxn4__C                               
95176de0  ti_sysbios_knl_Task_Module__loggerObj__C                                
95176de4  ti_sysbios_knl_Task_Object__count__C                                    
95176de8  ti_sysbios_knl_Task_Object__table__C                                    
95176dec  ti_sysbios_knl_Task_allBlockedFunc__C                                   
95176df0  ti_sysbios_knl_Task_defaultStackHeap__C                                 
95176df4  ti_sysbios_knl_Task_defaultStackSize__C                                 
95176df8  ti_sysbios_knl_Task_numConstructedTasks__C                              
95176dfc  ti_sysbios_syncs_SyncSem_Module__diagsEnabled__C                        
95176e00  ti_sysbios_syncs_SyncSem_Module__diagsIncluded__C                       
95176e04  ti_sysbios_syncs_SyncSem_Module__diagsMask__C                           
95176e08  ti_sysbios_timers_dmtimer_Timer_E_cannotSupport__C                      
95176e0c  ti_sysbios_timers_dmtimer_Timer_E_freqMismatch__C                       
95176e10  ti_sysbios_timers_dmtimer_Timer_Module__diagsEnabled__C                 
95176e14  ti_sysbios_timers_dmtimer_Timer_Module__diagsIncluded__C                
95176e18  ti_sysbios_timers_dmtimer_Timer_Module__diagsMask__C                    
95176e1c  ti_sysbios_timers_dmtimer_Timer_numTimerDevices__C                      
95176e20  ti_sysbios_xdcruntime_GateThreadSupport_Instance_State_gate__O          
95176e24  ti_trace_SysMin_bufSize__C                                              
95176e28  xdc_runtime_Assert_E_assertFailed__C                                    
95176e2c  xdc_runtime_Core_A_initializedParams__C                                 
95176e30  xdc_runtime_Core_Module__diagsEnabled__C                                
95176e34  xdc_runtime_Core_Module__diagsIncluded__C                               
95176e38  xdc_runtime_Core_Module__diagsMask__C                                   
95176e3c  xdc_runtime_Diags_dictBase__C                                           
95176e40  xdc_runtime_Error_E_generic__C                                          
95176e44  xdc_runtime_Error_E_memory__C                                           
95176e48  xdc_runtime_Error_Module__diagsEnabled__C                               
95176e4c  xdc_runtime_Error_Module__diagsIncluded__C                              
95176e50  xdc_runtime_Error_Module__diagsMask__C                                  
95176e54  xdc_runtime_Error_Module__loggerFxn8__C                                 
95176e58  xdc_runtime_Error_Module__loggerObj__C                                  
95176e5c  xdc_runtime_Error_policyFxn__C                                          
95176e60  xdc_runtime_Error_policy__C                                             
95176e64  xdc_runtime_Error_raiseHook__C                                          
95176e68  xdc_runtime_IGateProvider_Interface__BASE__C                            
95176e6c  xdc_runtime_IHeap_Interface__BASE__C                                    
95176e70  xdc_runtime_ILogger_Interface__BASE__C                                  
95176e74  xdc_runtime_IModule_Interface__BASE__C                                  
95176e78  xdc_runtime_Log_L_error__C                                              
95176e7c  xdc_runtime_Main_Module__diagsEnabled__C                                
95176e80  xdc_runtime_Main_Module__diagsIncluded__C                               
95176e84  xdc_runtime_Main_Module__diagsMask__C                                   
95176e88  xdc_runtime_Main_Module__loggerFxn1__C                                  
95176e8c  xdc_runtime_Main_Module__loggerFxn2__C                                  
95176e90  xdc_runtime_Main_Module__loggerObj__C                                   
95176e94  xdc_runtime_Memory_defaultHeapInstance__C                               
95176e98  xdc_runtime_Registry_Module__diagsEnabled__C                            
95176e9c  xdc_runtime_Registry_Module__diagsIncluded__C                           
95176ea0  xdc_runtime_Registry_Module__diagsMask__C                               
95176ea4  xdc_runtime_Registry_Module__loggerFxn1__C                              
95176ea8  xdc_runtime_Registry_Module__loggerFxn2__C                              
95176eac  xdc_runtime_Registry_Module__loggerFxn4__C                              
95176eb0  xdc_runtime_Registry_Module__loggerFxn8__C                              
95176eb4  xdc_runtime_Registry_Module__loggerObj__C                               
95176eb8  xdc_runtime_Startup_execImpl__C                                         
95176ebc  xdc_runtime_Startup_maxPasses__C                                        
95176ec0  xdc_runtime_Startup_sfxnRts__C                                          
95176ec4  xdc_runtime_Startup_sfxnTab__C                                          
95176ec8  xdc_runtime_Startup_startModsFxn__C                                     
95176ecc  xdc_runtime_System_Module__gateObj__C                                   
95176ed0  xdc_runtime_System_abortFxn__C                                          
95176ed4  xdc_runtime_System_exitFxn__C                                           
95176ed8  xdc_runtime_System_extendFxn__C                                         
95176edc  xdc_runtime_System_maxAtexitHandlers__C                                 
95176ee0  xdc_runtime_Text_charTab__C                                             
95176ee4  xdc_runtime_Text_nameEmpty__C                                           
95176ee8  xdc_runtime_Text_nameStatic__C                                          
95176eec  xdc_runtime_Text_nameUnknown__C                                         
95176ef0  xdc_runtime_Text_nodeTab__C                                             
95176ef4  xdc_runtime_Text_visitRopeFxn__C                                        
95176ef8  xdc_runtime_knl_ISync_Interface__BASE__C                                
95176efc  ti_ipc_transports_TransportRpmsgSetup_Module__loggerDefined__C          
95176efe  ti_ipc_transports_TransportRpmsg_Module__id__C                          
95176f00  ti_ipc_transports_TransportRpmsg_Module__loggerDefined__C               
95176f02  ti_sdo_ipc_MessageQ_Module__id__C                                       
95176f04  ti_sdo_ipc_MessageQ_Module__loggerDefined__C                            
95176f06  ti_sdo_ipc_Notify_Module__id__C                                         
95176f08  ti_sdo_ipc_Notify_numLines__C                                           
95176f0a  ti_sdo_ipc_SharedRegion_Module__id__C                                   
95176f0c  ti_sdo_ipc_SharedRegion_numEntries__C                                   
95176f0e  ti_sdo_ipc_family_vayu_InterruptDsp_Module__id__C                       
95176f10  ti_sdo_utils_MultiProc_Module__id__C                                    
95176f12  ti_sdo_utils_MultiProc_numProcessors__C                                 
95176f14  ti_sdo_utils_MultiProc_numProcsInCluster__C                             
95176f16  ti_sdo_utils_NameServer_Module__id__C                                   
95176f18  ti_sysbios_family_c64p_EventCombiner_Module__id__C                      
95176f1a  ti_sysbios_family_c64p_Exception_Module__id__C                          
95176f1c  ti_sysbios_family_c64p_Exception_useInternalBuffer__C                   
95176f1e  ti_sysbios_family_c64p_Hwi_Module__id__C                                
95176f20  ti_sysbios_family_c64p_Hwi_Module__loggerDefined__C                     
95176f22  ti_sysbios_family_c66_Cache_Module__id__C                               
95176f24  ti_sysbios_family_c66_Cache_registerRTSSynch__C                         
95176f26  ti_sysbios_family_shared_vayu_IntXbar_Module__id__C                     
95176f28  ti_sysbios_gates_GateMutexPri_Module__id__C                             
95176f2a  ti_sysbios_gates_GateMutex_Module__id__C                                
95176f2c  ti_sysbios_gates_GateSwi_Module__id__C                                  
95176f2e  ti_sysbios_hal_Hwi_Module__id__C                                        
95176f30  ti_sysbios_heaps_HeapBuf_Module__id__C                                  
95176f32  ti_sysbios_heaps_HeapBuf_trackMaxAllocs__C                              
95176f34  ti_sysbios_heaps_HeapMem_Module__id__C                                  
95176f36  ti_sysbios_knl_Clock_Module__id__C                                      
95176f38  ti_sysbios_knl_Clock_Module__loggerDefined__C                           
95176f3a  ti_sysbios_knl_Semaphore_Module__id__C                                  
95176f3c  ti_sysbios_knl_Semaphore_Module__loggerDefined__C                       
95176f3e  ti_sysbios_knl_Swi_Module__id__C                                        
95176f40  ti_sysbios_knl_Swi_Module__loggerDefined__C                             
95176f42  ti_sysbios_knl_Task_Module__id__C                                       
95176f44  ti_sysbios_knl_Task_Module__loggerDefined__C                            
95176f46  ti_sysbios_syncs_SyncSem_Module__id__C                                  
95176f48  ti_sysbios_timers_dmtimer_Timer_Module__id__C                           
95176f4a  ti_sysbios_timers_dmtimer_Timer_checkFrequency__C                       
95176f4c  ti_sysbios_timers_dmtimer_Timer_startupNeeded__C                        
95176f4e  ti_trace_SysMin_flushAtExit__C                                          
95176f50  xdc_runtime_Core_Module__id__C                                          
95176f52  xdc_runtime_Diags_setMaskEnabled__C                                     
95176f54  xdc_runtime_Error_Module__loggerDefined__C                              
95176f56  xdc_runtime_Error_maxDepth__C                                           
95176f58  xdc_runtime_Main_Module__id__C                                          
95176f5a  xdc_runtime_Main_Module__loggerDefined__C                               
95176f5c  xdc_runtime_Memory_Module__id__C                                        
95176f5e  xdc_runtime_Registry_Module__loggerDefined__C                           
95176f60  xdc_runtime_Text_charCnt__C                                             
95176f62  xdc_runtime_Text_isLoaded__C                                            
95176f64  xdc_runtime_Text_registryModsLastId__C                                  
95176f66  xdc_runtime_Text_unnamedModsLastId__C                                   
95176f68  ti_sysbios_family_c64p_EventCombiner_Module__state__V                   
95177368  ti_trace_SysMin_Module_State_0_lineBuffers__A                           
9517746c  _lock                                                                   
95177470  ti_sysbios_timers_dmtimer_Timer_Module_State_0_device__A                
95177530  ti_sdo_utils_NameServer_Object__table__V                                
951775e4  _unlock                                                                 
951775e8  ti_sdo_ipc_SharedRegion_Module_State_0_regions__A                       
95177678  ti_sysbios_family_shared_vayu_IntXbar_Module_State_0_intXbar__A         
951776f8  ti_sysbios_knl_Swi_Module_State_0_readyQ__A                             
95177778  ti_sysbios_knl_Task_Module_State_0_readyQ__A                            
951777f8  ti_sysbios_timers_dmtimer_Timer_Module_State_0_intFreqs__A              
95177878  ti_sysbios_family_c64p_Hwi_Module__state__V                             
951778e4  ti_sdo_ipc_MessageQ_Module__state__V                                    
9517794c  __errno                                                                 
9517794c  errno                                                                   
95177950  ti_sysbios_gates_GateMutex_Object__table__V                             
951779b0  ti_sysbios_knl_Task_Object__table__V                                    
95177a10  ti_sysbios_timers_dmtimer_Timer_Object__table__V                        
95177a70  ti_sdo_ipc_family_vayu_InterruptDsp_Module__state__V                    
95177ac8  ti_sdo_ipc_family_vayu_NotifySetup_Module__state__V                     
95177b18  ti_sysbios_heaps_HeapBuf_Object__table__V                               
95177b68  ti_sysbios_knl_Task_Module__state__V                                    
95177bb0  ti_sysbios_timers_dmtimer_Timer_Module_State_0_handles__A               
95177bf0  ti_sysbios_family_c64p_Exception_Module__state__V                       
95177c20  ti_sysbios_knl_Swi_Object__table__V                                     
95177c50  ti_sysbios_knl_Clock_Module__state__V                                   
95177c7c  ti_ipc_remoteproc_Resource_Module__state__V                             
95177c80  ti_sdo_ipc_MessageQ_Module_State_0_transports__A                        
95177ca8  ti_sysbios_BIOS_Module__state__V                                        
95177ccc  ti_ipc_transports_TransportRpmsgSetup_Module__state__V                  
95177cd0  ti_sdo_ipc_MessageQ_Module_State_0_heaps__A                             
95177cf0  xdc_runtime_Error_IgnoreBlock                                           
95177d10  xdc_runtime_System_Module_State_0_atexitHandlers__A                     
95177d30  ti_sysbios_knl_Swi_Module__state__V                                     
95177d4c  ti_sdo_ipc_SharedRegion_Module__state__V                                
95177d50  ti_sysbios_family_c64p_Hwi_Object__table__V                             
95177d68  ti_sysbios_heaps_HeapMem_Object__table__V                               
95177d80  ti_sysbios_knl_Semaphore_Object__table__V                               
95177d98  ti_trace_SysMin_Module__state__V                                        
95177db0  xdc_runtime_Diags_dictElems                                             
95177dc8  ti_ipc_transports_TransportRpmsgSetup_Module_State_0_handles__A         
95177ddc  ti_sysbios_family_shared_vayu_IntXbar_Module__state__V                  
95177de0  ti_sdo_ipc_Notify_Module_State_0_notifyHandles__A                       
95177df4  ti_sysbios_heaps_HeapBuf_Module__state__V                               
95177df8  ti_sdo_utils_NameServer_Module_State_0_nsRemoteHandle__A                
95177e0c  ti_sysbios_timers_dmtimer_Timer_Module__state__V                        
95177e30  ti_ipc_namesrv_NameServerRemoteRpmsg_Module__state__V                   
95177e40  __TI_cleanup_ptr                                                        
95177e44  __TI_dtors_ptr                                                          
95177e48  __TI_enable_exit_profile_output                                         
95177e4c  ti_sdo_utils_NameServer_Module__state__V                                
95177e58  ti_sysbios_gates_GateSwi_Object__table__V                               
95177e64  xdc_runtime_Memory_Module__state__V                                     
95177e68  ti_sdo_utils_MultiProc_Module_State_0_clusterProcList__A                
95177e72  xdc_runtime_Error_Module__state__V                                      
95177e74  xdc_runtime_Main_Module__root__V                                        
95177e76  xdc_runtime_Registry_Module__root__V                                    
95177e80  ti_ipc_namesrv_NameServerRemoteRpmsg_Module__root__V                    
95177e88  ti_ipc_transports_TransportRpmsg_Module__root__V                        
95177e90  ti_sdo_ipc_MessageQ_Module__root__V                                     
95177e98  ti_sdo_ipc_Notify_Module__root__V                                       
95177ea0  ti_sdo_ipc_Notify_Module__state__V                                      
95177ea8  ti_sdo_utils_List_Module__root__V                                       
95177eb0  ti_sdo_utils_MultiProc_Module__state__V                                 
95177eb8  ti_sdo_utils_NameServer_Module__root__V                                 
95177ec0  ti_sysbios_family_c64p_Hwi_Module__root__V                              
95177ec8  ti_sysbios_gates_GateHwi_Module__root__V                                
95177ed0  ti_sysbios_gates_GateMutexPri_Module__root__V                           
95177ed8  ti_sysbios_gates_GateMutex_Module__root__V                              
95177ee0  ti_sysbios_gates_GateSwi_Module__root__V                                
95177ee8  ti_sysbios_hal_Hwi_Object__table__V                                     
95177ef0  ti_sysbios_heaps_HeapBuf_Module__root__V                                
95177ef8  ti_sysbios_heaps_HeapMem_Module__root__V                                
95177f00  ti_sysbios_knl_Queue_Module__root__V                                    
95177f08  ti_sysbios_knl_Semaphore_Module__root__V                                
95177f10  ti_sysbios_knl_Swi_Module__root__V                                      
95177f18  ti_sysbios_knl_Task_Module__root__V                                     
95177f20  ti_sysbios_syncs_SyncSem_Module__root__V                                
95177f28  ti_sysbios_xdcruntime_GateThreadSupport_Module__root__V                 
95177f30  xdc_runtime_LoggerSys_Module__root__V                                   
95177f38  xdc_runtime_LoggerSys_Object__table__V                                  
95177f40  xdc_runtime_Registry_Module__state__V                                   
95177f48  xdc_runtime_Startup_Module__state__V                                    
95177f50  xdc_runtime_System_Module__state__V                                     
95177f58  xdc_runtime_knl_GateThread_Module__root__V                              
95177f68  ti_sdo_ipc_Notify_Module_State_0_notifyHandles_0__A                     
95177f70  ti_sdo_ipc_Notify_Module_State_0_notifyHandles_1__A                     
95177f78  ti_sdo_ipc_Notify_Module_State_0_notifyHandles_2__A                     
95177f80  ti_sdo_ipc_Notify_Module_State_0_notifyHandles_3__A                     
95177f88  ti_sdo_ipc_Notify_Module_State_0_notifyHandles_4__A                     
95177f90  ti_sysbios_gates_GateHwi_Object__table__V                               
95177f98  ti_sysbios_knl_Task_Module_State_0_idleTask__A                          
95177fa0  ti_sdo_ipc_family_vayu_NotifySetup_Module_State_0_numPlugged__A         
95178034  __c_args__                                                              
95178098  __TI_STATIC_BASE                                                        
95178098  ti_ipc_rpmsg_RPMessage_messageBufferSize                                
9517809c  ti_ipc_rpmsg_RPMessage_heap                                             
95178b4c  __TI_Handler_Table_Base                                                 
95178b54  __TI_Handler_Table_Limit                                                
95178b58  __TI_CINIT_Base                                                         
95178b70  __TI_CINIT_Limit                                                        
9f000000  ti_trace_SysMin_Module_State_0_outbuf__A                                
9f007ff8  ti_trace_SysMin_Module_State_0_writeidx__A                              
9f008000  ti_trace_SysMin_Module_State_0_readidx__A                               
ffffffff  __TI_pprof_out_hndl                                                     
ffffffff  __TI_prof_data_size                                                     
ffffffff  __TI_prof_data_start                                                    
ffffffff  __binit__                                                               
ffffffff  binit                                                                   
UNDEFED   __TI_INITARRAY_Base                                                     
UNDEFED   __TI_INITARRAY_Limit                                                    
UNDEFED   __TI_TLS_INIT_Base                                                      
UNDEFED   __TI_TLS_INIT_Limit                                                     

[1179 symbols]
